Archive member included to satisfy reference by file (symbol)

C:/ST/STM32CubeIDE_1.19.0/STM32CubeIDE/plugins/com.st.stm32cube.ide.mcu.externaltools.gnu-tools-for-stm32.13.3.rel1.win32_1.0.0.202411081344/tools/bin/../lib/gcc/arm-none-eabi/13.3.1/../../../../arm-none-eabi/lib/thumb/v7e-m+fp/hard\libc_nano.a(libc_a-exit.o)
                              C:/ST/STM32CubeIDE_1.19.0/STM32CubeIDE/plugins/com.st.stm32cube.ide.mcu.externaltools.gnu-tools-for-stm32.13.3.rel1.win32_1.0.0.202411081344/tools/bin/../lib/gcc/arm-none-eabi/13.3.1/../../../../arm-none-eabi/lib/thumb/v7e-m+fp/hard/crt0.o (exit)
C:/ST/STM32CubeIDE_1.19.0/STM32CubeIDE/plugins/com.st.stm32cube.ide.mcu.externaltools.gnu-tools-for-stm32.13.3.rel1.win32_1.0.0.202411081344/tools/bin/../lib/gcc/arm-none-eabi/13.3.1/../../../../arm-none-eabi/lib/thumb/v7e-m+fp/hard\libc_nano.a(libc_a-nano-vfprintf_float.o)
                              (_printf_float)
C:/ST/STM32CubeIDE_1.19.0/STM32CubeIDE/plugins/com.st.stm32cube.ide.mcu.externaltools.gnu-tools-for-stm32.13.3.rel1.win32_1.0.0.202411081344/tools/bin/../lib/gcc/arm-none-eabi/13.3.1/../../../../arm-none-eabi/lib/thumb/v7e-m+fp/hard\libc_nano.a(libc_a-nano-vfprintf_i.o)
                              C:/ST/STM32CubeIDE_1.19.0/STM32CubeIDE/plugins/com.st.stm32cube.ide.mcu.externaltools.gnu-tools-for-stm32.13.3.rel1.win32_1.0.0.202411081344/tools/bin/../lib/gcc/arm-none-eabi/13.3.1/../../../../arm-none-eabi/lib/thumb/v7e-m+fp/hard\libc_nano.a(libc_a-nano-vfprintf_float.o) (_printf_common)
C:/ST/STM32CubeIDE_1.19.0/STM32CubeIDE/plugins/com.st.stm32cube.ide.mcu.externaltools.gnu-tools-for-stm32.13.3.rel1.win32_1.0.0.202411081344/tools/bin/../lib/gcc/arm-none-eabi/13.3.1/../../../../arm-none-eabi/lib/thumb/v7e-m+fp/hard\libc_nano.a(libc_a-findfp.o)
                              C:/ST/STM32CubeIDE_1.19.0/STM32CubeIDE/plugins/com.st.stm32cube.ide.mcu.externaltools.gnu-tools-for-stm32.13.3.rel1.win32_1.0.0.202411081344/tools/bin/../lib/gcc/arm-none-eabi/13.3.1/../../../../arm-none-eabi/lib/thumb/v7e-m+fp/hard\libc_nano.a(libc_a-exit.o) (__stdio_exit_handler)
C:/ST/STM32CubeIDE_1.19.0/STM32CubeIDE/plugins/com.st.stm32cube.ide.mcu.externaltools.gnu-tools-for-stm32.13.3.rel1.win32_1.0.0.202411081344/tools/bin/../lib/gcc/arm-none-eabi/13.3.1/../../../../arm-none-eabi/lib/thumb/v7e-m+fp/hard\libc_nano.a(libc_a-fwalk.o)
                              C:/ST/STM32CubeIDE_1.19.0/STM32CubeIDE/plugins/com.st.stm32cube.ide.mcu.externaltools.gnu-tools-for-stm32.13.3.rel1.win32_1.0.0.202411081344/tools/bin/../lib/gcc/arm-none-eabi/13.3.1/../../../../arm-none-eabi/lib/thumb/v7e-m+fp/hard\libc_nano.a(libc_a-findfp.o) (_fwalk_sglue)
C:/ST/STM32CubeIDE_1.19.0/STM32CubeIDE/plugins/com.st.stm32cube.ide.mcu.externaltools.gnu-tools-for-stm32.13.3.rel1.win32_1.0.0.202411081344/tools/bin/../lib/gcc/arm-none-eabi/13.3.1/../../../../arm-none-eabi/lib/thumb/v7e-m+fp/hard\libc_nano.a(libc_a-snprintf.o)
                              ./Src/Core/BissReader/Breader_Main.o (snprintf)
C:/ST/STM32CubeIDE_1.19.0/STM32CubeIDE/plugins/com.st.stm32cube.ide.mcu.externaltools.gnu-tools-for-stm32.13.3.rel1.win32_1.0.0.202411081344/tools/bin/../lib/gcc/arm-none-eabi/13.3.1/../../../../arm-none-eabi/lib/thumb/v7e-m+fp/hard\libc_nano.a(libc_a-stdio.o)
                              C:/ST/STM32CubeIDE_1.19.0/STM32CubeIDE/plugins/com.st.stm32cube.ide.mcu.externaltools.gnu-tools-for-stm32.13.3.rel1.win32_1.0.0.202411081344/tools/bin/../lib/gcc/arm-none-eabi/13.3.1/../../../../arm-none-eabi/lib/thumb/v7e-m+fp/hard\libc_nano.a(libc_a-findfp.o) (__sread)
C:/ST/STM32CubeIDE_1.19.0/STM32CubeIDE/plugins/com.st.stm32cube.ide.mcu.externaltools.gnu-tools-for-stm32.13.3.rel1.win32_1.0.0.202411081344/tools/bin/../lib/gcc/arm-none-eabi/13.3.1/../../../../arm-none-eabi/lib/thumb/v7e-m+fp/hard\libc_nano.a(libc_a-vsnprintf.o)
                              ./Src/Core/BissReader/Breader_Usart.o (vsnprintf)
C:/ST/STM32CubeIDE_1.19.0/STM32CubeIDE/plugins/com.st.stm32cube.ide.mcu.externaltools.gnu-tools-for-stm32.13.3.rel1.win32_1.0.0.202411081344/tools/bin/../lib/gcc/arm-none-eabi/13.3.1/../../../../arm-none-eabi/lib/thumb/v7e-m+fp/hard\libc_nano.a(libc_a-memset.o)
                              C:/ST/STM32CubeIDE_1.19.0/STM32CubeIDE/plugins/com.st.stm32cube.ide.mcu.externaltools.gnu-tools-for-stm32.13.3.rel1.win32_1.0.0.202411081344/tools/bin/../lib/gcc/arm-none-eabi/13.3.1/../../../../arm-none-eabi/lib/thumb/v7e-m+fp/hard/crt0.o (memset)
C:/ST/STM32CubeIDE_1.19.0/STM32CubeIDE/plugins/com.st.stm32cube.ide.mcu.externaltools.gnu-tools-for-stm32.13.3.rel1.win32_1.0.0.202411081344/tools/bin/../lib/gcc/arm-none-eabi/13.3.1/../../../../arm-none-eabi/lib/thumb/v7e-m+fp/hard\libc_nano.a(libc_a-localeconv.o)
[...]
Memory Configuration

Name             Origin             Length             Attributes
RAM              0x20000000         0x00008000         xrw
FLASH            0x08000000         0x00020000         xr
*default*        0x00000000         0xffffffff

Linker script and memory map

LOAD C:/ST/STM32CubeIDE_1.19.0/STM32CubeIDE/plugins/com.st.stm32cube.ide.mcu.externaltools.gnu-tools-for-stm32.13.3.rel1.win32_1.0.0.202411081344/tools/bin/../lib/gcc/arm-none-eabi/13.3.1/thumb/v7e-m+fp/hard/crti.o
LOAD C:/ST/STM32CubeIDE_1.19.0/STM32CubeIDE/plugins/com.st.stm32cube.ide.mcu.externaltools.gnu-tools-for-stm32.13.3.rel1.win32_1.0.0.202411081344/tools/bin/../lib/gcc/arm-none-eabi/13.3.1/thumb/v7e-m+fp/hard/crtbegin.o
LOAD C:/ST/STM32CubeIDE_1.19.0/STM32CubeIDE/plugins/com.st.stm32cube.ide.mcu.externaltools.gnu-tools-for-stm32.13.3.rel1.win32_1.0.0.202411081344/tools/bin/../lib/gcc/arm-none-eabi/13.3.1/../../../../arm-none-eabi/lib/thumb/v7e-m+fp/hard/crt0.o
LOAD ./Src/Core/BissReader/Breader_Biss.o
LOAD ./Src/Core/BissReader/Breader_Dma.o
LOAD ./Src/Core/BissReader/Breader_I2c.o
LOAD ./Src/Core/BissReader/Breader_Lcd.o
LOAD ./Src/Core/BissReader/Breader_Main.o
LOAD ./Src/Core/BissReader/Breader_Spi.o
LOAD ./Src/Core/BissReader/Breader_Timer.o
LOAD ./Src/Core/BissReader/Breader_Usart.o
LOAD ./Src/Core/BissReader/stm32g4xx_it.o
LOAD ./Src/Core/BissReader/syscalls.o
LOAD ./Src/Core/BissReader/sysmem.o
LOAD ./Src/Core/BissReader/system_stm32g4xx.o
LOAD ./Src/Core/Startup/startup_stm32g431kbtx.o
LOAD ./Src/Drivers/STM32G4xx_HAL_Driver/Src/stm32g4xx_hal.o
LOAD ./Src/Drivers/STM32G4xx_HAL_Driver/Src/stm32g4xx_hal_cortex.o
LOAD ./Src/Drivers/STM32G4xx_HAL_Driver/Src/stm32g4xx_hal_dma.o
LOAD ./Src/Drivers/STM32G4xx_HAL_Driver/Src/stm32g4xx_hal_dma_ex.o
LOAD ./Src/Drivers/STM32G4xx_HAL_Driver/Src/stm32g4xx_hal_exti.o
LOAD ./Src/Drivers/STM32G4xx_HAL_Driver/Src/stm32g4xx_hal_flash.o
LOAD ./Src/Drivers/STM32G4xx_HAL_Driver/Src/stm32g4xx_hal_flash_ex.o
LOAD ./Src/Drivers/STM32G4xx_HAL_Driver/Src/stm32g4xx_hal_flash_ramfunc.o
LOAD ./Src/Drivers/STM32G4xx_HAL_Driver/Src/stm32g4xx_hal_gpio.o
LOAD ./Src/Drivers/STM32G4xx_HAL_Driver/Src/stm32g4xx_hal_i2c.o
LOAD ./Src/Drivers/STM32G4xx_HAL_Driver/Src/stm32g4xx_hal_i2c_ex.o
LOAD ./Src/Drivers/STM32G4xx_HAL_Driver/Src/stm32g4xx_hal_pwr.o
LOAD ./Src/Drivers/STM32G4xx_HAL_Driver/Src/stm32g4xx_hal_pwr_ex.o
LOAD ./Src/Drivers/STM32G4xx_HAL_Driver/Src/stm32g4xx_hal_rcc.o
LOAD ./Src/Drivers/STM32G4xx_HAL_Driver/Src/stm32g4xx_hal_rcc_ex.o
LOAD ./Src/Drivers/STM32G4xx_HAL_Driver/Src/stm32g4xx_hal_spi.o
LOAD ./Src/Drivers/STM32G4xx_HAL_Driver/Src/stm32g4xx_hal_spi_ex.o
LOAD ./Src/Drivers/STM32G4xx_HAL_Driver/Src/stm32g4xx_hal_tim.o
LOAD ./Src/Drivers/STM32G4xx_HAL_Driver/Src/stm32g4xx_hal_tim_ex.o
LOAD ./Src/Drivers/STM32G4xx_HAL_Driver/Src/stm32g4xx_hal_uart.o
LOAD ./Src/Drivers/STM32G4xx_HAL_Driver/Src/stm32g4xx_hal_uart_ex.o
START GROUP
LOAD C:/ST/STM32CubeIDE_1.19.0/STM32CubeIDE/plugins/com.st.stm32cube.ide.mcu.externaltools.gnu-tools-for-stm32.13.3.rel1.win32_1.0.0.202411081344/tools/bin/../lib/gcc/arm-none-eabi/13.3.1/../../../../arm-none-eabi/lib/thumb/v7e-m+fp/hard\libc_nano.a
LOAD C:/ST/STM32CubeIDE_1.19.0/STM32CubeIDE/plugins/com.st.stm32cube.ide.mcu.externaltools.gnu-tools-for-stm32.13.3.rel1.win32_1.0.0.202411081344/tools/bin/../lib/gcc/arm-none-eabi/13.3.1/../../../../arm-none-eabi/lib/thumb/v7e-m+fp/hard\libm.a
END GROUP
START GROUP
LOAD C:/ST/STM32CubeIDE_1.19.0/STM32CubeIDE/plugins/com.st.stm32cube.ide.mcu.externaltools.gnu-tools-for-stm32.13.3.rel1.win32_1.0.0.202411081344/tools/bin/../lib/gcc/arm-none-eabi/13.3.1/thumb/v7e-m+fp/hard\libgcc.a
LOAD C:/ST/STM32CubeIDE_1.19.0/STM32CubeIDE/plugins/com.st.stm32cube.ide.mcu.externaltools.gnu-tools-for-stm32.13.3.rel1.win32_1.0.0.202411081344/tools/bin/../lib/gcc/arm-none-eabi/13.3.1/../../../../arm-none-eabi/lib/thumb/v7e-m+fp/hard\libc_nano.a
END GROUP
START GROUP
LOAD C:/ST/STM32CubeIDE_1.19.0/STM32CubeIDE/plugins/com.st.stm32cube.ide.mcu.externaltools.gnu-tools-for-stm32.13.3.rel1.win32_1.0.0.202411081344/tools/bin/../lib/gcc/arm-none-eabi/13.3.1/thumb/v7e-m+fp/hard\libgcc.a
LOAD C:/ST/STM32CubeIDE_1.19.0/STM32CubeIDE/plugins/com.st.stm32cube.ide.mcu.externaltools.gnu-tools-for-stm32.13.3.rel1.win32_1.0.0.202411081344/tools/bin/../lib/gcc/arm-none-eabi/13.3.1/../../../../arm-none-eabi/lib/thumb/v7e-m+fp/hard\libc_nano.a
LOAD C:/ST/STM32CubeIDE_1.19.0/STM32CubeIDE/plugins/com.st.stm32cube.ide.mcu.externaltools.gnu-tools-for-stm32.13.3.rel1.win32_1.0.0.202411081344/tools/bin/../lib/gcc/arm-none-eabi/13.3.1/../../../../arm-none-eabi/lib/thumb/v7e-m+fp/hard\libnosys.a
END GROUP
START GROUP
LOAD C:/ST/STM32CubeIDE_1.19.0/STM32CubeIDE/plugins/com.st.stm32cube.ide.mcu.externaltools.gnu-tools-for-stm32.13.3.rel1.win32_1.0.0.202411081344/tools/bin/../lib/gcc/arm-none-eabi/13.3.1/thumb/v7e-m+fp/hard\libgcc.a
LOAD C:/ST/STM32CubeIDE_1.19.0/STM32CubeIDE/plugins/com.st.stm32cube.ide.mcu.externaltools.gnu-tools-for-stm32.13.3.rel1.win32_1.0.0.202411081344/tools/bin/../lib/gcc/arm-none-eabi/13.3.1/../../../../arm-none-eabi/lib/thumb/v7e-m+fp/hard\libc_nano.a
LOAD C:/ST/STM32CubeIDE_1.19.0/STM32CubeIDE/plugins/com.st.stm32cube.ide.mcu.externaltools.gnu-tools-for-stm32.13.3.rel1.win32_1.0.0.202411081344/tools/bin/../lib/gcc/arm-none-eabi/13.3.1/../../../../arm-none-eabi/lib/thumb/v7e-m+fp/hard\libnosys.a
END GROUP
LOAD C:/ST/STM32CubeIDE_1.19.0/STM32CubeIDE/plugins/com.st.stm32cube.ide.mcu.externaltools.gnu-tools-for-stm32.13.3.rel1.win32_1.0.0.202411081344/tools/bin/../lib/gcc/arm-none-eabi/13.3.1/thumb/v7e-m+fp/hard/crtend.o
LOAD C:/ST/STM32CubeIDE_1.19.0/STM32CubeIDE/plugins/com.st.stm32cube.ide.mcu.externaltools.gnu-tools-for-stm32.13.3.rel1.win32_1.0.0.202411081344/tools/bin/../lib/gcc/arm-none-eabi/13.3.1/thumb/v7e-m+fp/hard/crtn.o
                0x20008000                        _estack = (ORIGIN (RAM) + LENGTH (RAM))
                0x00000200                        _Min_Heap_Size = 0x200
                0x00000400                        _Min_Stack_Size = 0x400

.isr_vector     0x08000000      0x1d8
                0x08000000                        . = ALIGN (0x4)
 *(.isr_vector)
 .isr_vector    0x08000000      0x1d8 ./Src/Core/Startup/startup_stm32g431kbtx.o
                0x08000000                g_pfnVectors
                0x080001d8                        . = ALIGN (0x4)

.text           0x080001e0     0xb028
                0x080001e0                        . = ALIGN (0x4)
 *(.text)
 .text          0x080001e0       0x40 C:/ST/STM32CubeIDE_1.19.0/STM32CubeIDE/plugins/com.st.stm32cube.ide.mcu.externaltools.gnu-tools-for-stm32.13.3.rel1.win32_1.0.0.202411081344/tools/bin/../lib/gcc/arm-none-eabi/13.3.1/thumb/v7e-m+fp/hard/crtbegin.o
 .text          0x08000220       0xa0 C:/ST/STM32CubeIDE_1.19.0/STM32CubeIDE/plugins/com.st.stm32cube.ide.mcu.externaltools.gnu-tools-for-stm32.13.3.rel1.win32_1.0.0.202411081344/tools/bin/../lib/gcc/arm-none-eabi/13.3.1/../../../../arm-none-eabi/lib/thumb/v7e-m+fp/hard\libc_nano.a(libc_a-memchr.o)
                0x08000220                memchr
 .text          0x080002c0       0x10 C:/ST/STM32CubeIDE_1.19.0/STM32CubeIDE/plugins/com.st.stm32cube.ide.mcu.externaltools.gnu-tools-for-stm32.13.3.rel1.win32_1.0.0.202411081344/tools/bin/../lib/gcc/arm-none-eabi/13.3.1/../../../../arm-none-eabi/lib/thumb/v7e-m+fp/hard\libc_nano.a(libc_a-strlen.o)
                0x080002c0                strlen
 .text          0x080002d0      0x378 C:/ST/STM32CubeIDE_1.19.0/STM32CubeIDE/plugins/com.st.stm32cube.ide.mcu.externaltools.gnu-tools-for-stm32.13.3.rel1.win32_1.0.0.202411081344/tools/bin/../lib/gcc/arm-none-eabi/13.3.1/thumb/v7e-m+fp/hard\libgcc.a(_arm_addsubdf3.o)
                0x080002d0                __aeabi_drsub
                0x080002d8                __aeabi_dsub
                0x080002d8                __subdf3
                0x080002dc                __aeabi_dadd
                0x080002dc                __adddf3
                0x08000554                __floatunsidf
                0x08000554                __aeabi_ui2d
                0x08000574                __floatsidf
                0x08000574                __aeabi_i2d
                0x08000598                __aeabi_f2d
                0x08000598                __extendsfdf2
                0x080005dc                __floatundidf
                0x080005dc                __aeabi_ul2d
                0x080005ec                __floatdidf
                0x080005ec                __aeabi_l2d
 .text          0x08000648      0x424 C:/ST/STM32CubeIDE_1.19.0/STM32CubeIDE/plugins/com.st.stm32cube.ide.mcu.externaltools.gnu-tools-for-stm32.13.3.rel1.win32_1.0.0.202411081344/tools/bin/../lib/gcc/arm-none-eabi/13.3.1/thumb/v7e-m+fp/hard\libgcc.a(_arm_muldivdf3.o)
                0x08000648                __aeabi_dmul
                0x08000648                __muldf3
                0x0800089c                __divdf3
                0x0800089c                __aeabi_ddiv
 .text          0x08000a6c      0x110 C:/ST/STM32CubeIDE_1.19.0/STM32CubeIDE/plugins/com.st.stm32cube.ide.mcu.externaltools.gnu-tools-for-stm32.13.3.rel1.win32_1.0.0.202411081344/tools/bin/../lib/gcc/arm-none-eabi/13.3.1/thumb/v7e-m+fp/hard\libgcc.a(_arm_cmpdf2.o)
                0x08000a6c                __gtdf2
                0x08000a6c                __gedf2
                0x08000a74                __ltdf2
                0x08000a74                __ledf2
                0x08000a7c                __nedf2
                0x08000a7c                __eqdf2
                0x08000a7c                __cmpdf2
                0x08000af8                __aeabi_cdrcmple
                0x08000b08                __aeabi_cdcmpeq
                0x08000b08                __aeabi_cdcmple
                0x08000b18                __aeabi_dcmpeq
                0x08000b2c                __aeabi_dcmplt
                0x08000b40                __aeabi_dcmple
                0x08000b54                __aeabi_dcmpge
                0x08000b68                __aeabi_dcmpgt
 .text          0x08000b7c       0x2c C:/ST/STM32CubeIDE_1.19.0/STM32CubeIDE/plugins/com.st.stm32cube.ide.mcu.externaltools.gnu-tools-for-stm32.13.3.rel1.win32_1.0.0.202411081344/tools/bin/../lib/gcc/arm-none-eabi/13.3.1/thumb/v7e-m+fp/hard\libgcc.a(_arm_unorddf2.o)
                0x08000b7c                __unorddf2
                0x08000b7c                __aeabi_dcmpun
 .text          0x08000ba8       0x50 C:/ST/STM32CubeIDE_1.19.0/STM32CubeIDE/plugins/com.st.stm32cube.ide.mcu.externaltools.gnu-tools-for-stm32.13.3.rel1.win32_1.0.0.202411081344/tools/bin/../lib/gcc/arm-none-eabi/13.3.1/thumb/v7e-m+fp/hard\libgcc.a(_arm_fixdfsi.o)
                0x08000ba8                __aeabi_d2iz
                0x08000ba8                __fixdfsi
 .text          0x08000bf8       0x40 C:/ST/STM32CubeIDE_1.19.0/STM32CubeIDE/plugins/com.st.stm32cube.ide.mcu.externaltools.gnu-tools-for-stm32.13.3.rel1.win32_1.0.0.202411081344/tools/bin/../lib/gcc/arm-none-eabi/13.3.1/thumb/v7e-m+fp/hard\libgcc.a(_arm_fixunsdfsi.o)
                0x08000bf8                __aeabi_d2uiz
                0x08000bf8                __fixunsdfsi
 .text          0x08000c38       0x30 C:/ST/STM32CubeIDE_1.19.0/STM32CubeIDE/plugins/com.st.stm32cube.ide.mcu.externaltools.gnu-tools-for-stm32.13.3.rel1.win32_1.0.0.202411081344/tools/bin/../lib/gcc/arm-none-eabi/13.3.1/thumb/v7e-m+fp/hard\libgcc.a(_aeabi_uldivmod.o)
                0x08000c38                __aeabi_uldivmod
 .text          0x08000c68      0x2f8 C:/ST/STM32CubeIDE_1.19.0/STM32CubeIDE/plugins/com.st.stm32cube.ide.mcu.externaltools.gnu-tools-for-stm32.13.3.rel1.win32_1.0.0.202411081344/tools/bin/../lib/gcc/arm-none-eabi/13.3.1/thumb/v7e-m+fp/hard\libgcc.a(_udivmoddi4.o)
                0x08000c68                __udivmoddi4
 .text          0x08000f60        0x4 C:/ST/STM32CubeIDE_1.19.0/STM32CubeIDE/plugins/com.st.stm32cube.ide.mcu.externaltools.gnu-tools-for-stm32.13.3.rel1.win32_1.0.0.202411081344/tools/bin/../lib/gcc/arm-none-eabi/13.3.1/thumb/v7e-m+fp/hard\libgcc.a(_dvmd_tls.o)
                0x08000f60                __aeabi_idiv0
                0x08000f60                __aeabi_ldiv0
 *(.text*)
 .text.Encoder_BiSS_CRC_Calculate
                0x08000f64       0xc0 ./Src/Core/BissReader/Breader_Biss.o
                0x08000f64                Encoder_BiSS_CRC_Calculate
 *fill*         0x08001024        0x4 
 .text.GetAngle_FromBiSS
                0x08001028      0x144 ./Src/Core/BissReader/Breader_Biss.o
                0x08001028                GetAngle_FromBiSS
 *fill*         0x0800116c        0x4 
 .text.GetAngle_FromSSI
                0x08001170       0xb8 ./Src/Core/BissReader/Breader_Biss.o
                0x08001170                GetAngle_FromSSI
 .text.DMA_Init
                0x08001228       0x64 ./Src/Core/BissReader/Breader_Dma.o
                0x08001228                DMA_Init
 .text.DMA1_Channel1_IRQHandler
                0x0800128c       0x20 ./Src/Core/BissReader/Breader_Dma.o
                0x0800128c                DMA1_Channel1_IRQHandler
 .text.DMA1_Channel2_IRQHandler
                0x080012ac       0x20 ./Src/Core/BissReader/Breader_Dma.o
                0x080012ac                DMA1_Channel2_IRQHandler
 .text.I2C1_Init
                0x080012cc       0x80 ./Src/Core/BissReader/Breader_I2c.o
                0x080012cc                I2C1_Init
 .text.HAL_I2C_MspInit
                0x0800134c       0xbc ./Src/Core/BissReader/Breader_I2c.o
                0x0800134c                HAL_I2C_MspInit
 .text.LCD16x2_Init
                0x08001408       0x34 ./Src/Core/BissReader/Breader_Lcd.o
                0x08001408                LCD16x2_Init
 .text.lcd_init
                0x0800143c       0x8e ./Src/Core/BissReader/Breader_Lcd.o
                0x0800143c                lcd_init
 .text.lcd_send_cmd
                0x080014ca       0x68 ./Src/Core/BissReader/Breader_Lcd.o
                0x080014ca                lcd_send_cmd
 .text.lcd_send_data
                0x08001532       0x68 ./Src/Core/BissReader/Breader_Lcd.o
                0x08001532                lcd_send_data
 .text.lcd_clear
                0x0800159a       0x26 ./Src/Core/BissReader/Breader_Lcd.o
                0x0800159a                lcd_clear
 .text.lcd_gotoxy
                0x080015c0       0x44 ./Src/Core/BissReader/Breader_Lcd.o
                0x080015c0                lcd_gotoxy
 .text.lcd_puts
                0x08001604       0x2e ./Src/Core/BissReader/Breader_Lcd.o
                0x08001604                lcd_puts
 *fill*         0x08001632        0x2 
 .text.main     0x08001634      0x120 ./Src/Core/BissReader/Breader_Main.o
                0x08001634                main
 .text.HAL_MspInit
                0x08001754       0x48 ./Src/Core/BissReader/Breader_Main.o
                0x08001754                HAL_MspInit
 .text.SystemClock_Config
                0x0800179c       0x98 ./Src/Core/BissReader/Breader_Main.o
                0x0800179c                SystemClock_Config
 .text.GPIO_Init
                0x08001834       0x98 ./Src/Core/BissReader/Breader_Main.o
                0x08001834                GPIO_Init
 .text.LED2_Init
                0x080018cc       0x40 ./Src/Core/BissReader/Breader_Main.o
                0x080018cc                LED2_Init
 .text.LED2_On  0x0800190c       0x18 ./Src/Core/BissReader/Breader_Main.o
                0x0800190c                LED2_On
 .text.LED2_Toggle
                0x08001924       0x18 ./Src/Core/BissReader/Breader_Main.o
                0x08001924                LED2_Toggle
 .text.ProtocolConfigCheck
                0x0800193c       0x94 ./Src/Core/BissReader/Breader_Main.o
                0x0800193c                ProtocolConfigCheck
 .text.LcdDisplayUpdate
                0x080019d0      0x194 ./Src/Core/BissReader/Breader_Main.o
                0x080019d0                LcdDisplayUpdate
 .text.Error_Handler
                0x08001b64        0xc ./Src/Core/BissReader/Breader_Main.o
                0x08001b64                Error_Handler
 .text.SPI1_Init
                0x08001b70       0x7c ./Src/Core/BissReader/Breader_Spi.o
                0x08001b70                SPI1_Init
 .text.SPI1_IRQHandler
                0x08001bec       0x30 ./Src/Core/BissReader/Breader_Spi.o
                0x08001bec                SPI1_IRQHandler
 .text.ManagingReceivedData
                0x08001c1c       0x98 ./Src/Core/BissReader/Breader_Spi.o
                0x08001c1c                ManagingReceivedData
 .text.HAL_SPI_TxRxCpltCallback
                0x08001cb4       0x68 ./Src/Core/BissReader/Breader_Spi.o
                0x08001cb4                HAL_SPI_TxRxCpltCallback
 .text.HAL_SPI_ErrorCallback
                0x08001d1c       0x24 ./Src/Core/BissReader/Breader_Spi.o
                0x08001d1c                HAL_SPI_ErrorCallback
 .text.HAL_SPI_MspInit
                0x08001d40      0x154 ./Src/Core/BissReader/Breader_Spi.o
                0x08001d40                HAL_SPI_MspInit
 .text.TIM1_Init
                0x08001e94       0xa8 ./Src/Core/BissReader/Breader_Timer.o
                0x08001e94                TIM1_Init
 .text.TIM1_UP_TIM16_IRQHandler
                0x08001f3c       0x14 ./Src/Core/BissReader/Breader_Timer.o
                0x08001f3c                TIM1_UP_TIM16_IRQHandler
 .text.HAL_TIM_PeriodElapsedCallback
                0x08001f50       0x60 ./Src/Core/BissReader/Breader_Timer.o
                0x08001f50                HAL_TIM_PeriodElapsedCallback
 .text.HAL_TIM_Base_MspInit
                0x08001fb0       0x4c ./Src/Core/BissReader/Breader_Timer.o
                0x08001fb0                HAL_TIM_Base_MspInit
 .text.USART2_Init
                0x08001ffc       0x98 ./Src/Core/BissReader/Breader_Usart.o
                0x08001ffc                USART2_Init
 .text.USART2_IRQHandler
                0x08002094       0x14 ./Src/Core/BissReader/Breader_Usart.o
                0x08002094                USART2_IRQHandler
 .text.HAL_USART2_RxCpltCallback
                0x080020a8       0x4c ./Src/Core/BissReader/Breader_Usart.o
                0x080020a8                HAL_USART2_RxCpltCallback
 .text.GetByteFromHostPc
                0x080020f4       0x84 ./Src/Core/BissReader/Breader_Usart.o
 .text.ParseCmdFromHostPC
                0x08002178       0x80 ./Src/Core/BissReader/Breader_Usart.o
                0x08002178                ParseCmdFromHostPC
 .text.HandleCmdFromHostPc
                0x080021f8       0x34 ./Src/Core/BissReader/Breader_Usart.o
                0x080021f8                HandleCmdFromHostPc
 .text.UartPrint
                0x0800222c       0x5c ./Src/Core/BissReader/Breader_Usart.o
                0x0800222c                UartPrint
 .text.HAL_UART_MspInit
                0x08002288       0xa8 ./Src/Core/BissReader/Breader_Usart.o
                0x08002288                HAL_UART_MspInit
 .text.NMI_Handler
                0x08002330        0x8 ./Src/Core/BissReader/stm32g4xx_it.o
                0x08002330                NMI_Handler
 .text.HardFault_Handler
                0x08002338        0x8 ./Src/Core/BissReader/stm32g4xx_it.o
                0x08002338                HardFault_Handler
 .text.MemManage_Handler
                0x08002340        0x8 ./Src/Core/BissReader/stm32g4xx_it.o
                0x08002340                MemManage_Handler
 .text.BusFault_Handler
                0x08002348        0x8 ./Src/Core/BissReader/stm32g4xx_it.o
                0x08002348                BusFault_Handler
 .text.UsageFault_Handler
                0x08002350        0x8 ./Src/Core/BissReader/stm32g4xx_it.o
                0x08002350                UsageFault_Handler
 .text.SVC_Handler
                0x08002358        0xe ./Src/Core/BissReader/stm32g4xx_it.o
                0x08002358                SVC_Handler
 .text.DebugMon_Handler
                0x08002366        0xe ./Src/Core/BissReader/stm32g4xx_it.o
                0x08002366                DebugMon_Handler
 .text.PendSV_Handler
                0x08002374        0xe ./Src/Core/BissReader/stm32g4xx_it.o
                0x08002374                PendSV_Handler
 .text.SysTick_Handler
                0x08002382        0xc ./Src/Core/BissReader/stm32g4xx_it.o
                0x08002382                SysTick_Handler
 .text._getpid  0x0800238e       0x10 ./Src/Core/BissReader/syscalls.o
                0x0800238e                _getpid
 .text._kill    0x0800239e       0x20 ./Src/Core/BissReader/syscalls.o
                0x0800239e                _kill
 .text._exit    0x080023be       0x16 ./Src/Core/BissReader/syscalls.o
                0x080023be                _exit
 .text._read    0x080023d4       0x3a ./Src/Core/BissReader/syscalls.o
                0x080023d4                _read
 .text._write   0x0800240e       0x38 ./Src/Core/BissReader/syscalls.o
                0x0800240e                _write
 .text._close   0x08002446       0x18 ./Src/Core/BissReader/syscalls.o
                0x08002446                _close
 .text._fstat   0x0800245e       0x20 ./Src/Core/BissReader/syscalls.o
                0x0800245e                _fstat
 .text._isatty  0x0800247e       0x16 ./Src/Core/BissReader/syscalls.o
                0x0800247e                _isatty
 .text._lseek   0x08002494       0x1a ./Src/Core/BissReader/syscalls.o
                0x08002494                _lseek
 *fill*         0x080024ae        0x2 
 .text._sbrk    0x080024b0       0x6c ./Src/Core/BissReader/sysmem.o
                0x080024b0                _sbrk
 .text.SystemInit
                0x0800251c       0x24 ./Src/Core/BissReader/system_stm32g4xx.o
                0x0800251c                SystemInit
 .text.Reset_Handler
                0x08002540       0x50 ./Src/Core/Startup/startup_stm32g431kbtx.o
                0x08002540                Reset_Handler
 .text.Default_Handler
                0x08002590        0x2 ./Src/Core/Startup/startup_stm32g431kbtx.o
                0x08002590                RTC_Alarm_IRQHandler
                0x08002590                EXTI2_IRQHandler
                0x08002590                TIM8_TRG_COM_IRQHandler
                0x08002590                TIM8_CC_IRQHandler
                0x08002590                TIM1_CC_IRQHandler
                0x08002590                USB_HP_IRQHandler
                0x08002590                CORDIC_IRQHandler
                0x08002590                EXTI3_IRQHandler
                0x08002590                I2C3_ER_IRQHandler
                0x08002590                EXTI0_IRQHandler
                0x08002590                I2C2_EV_IRQHandler
                0x08002590                FPU_IRQHandler
                0x08002590                FDCAN1_IT1_IRQHandler
                0x08002590                ADC1_2_IRQHandler
                0x08002590                TIM6_DAC_IRQHandler
                0x08002590                TIM8_UP_IRQHandler
                0x08002590                DMA2_Channel2_IRQHandler
                0x08002590                DMA1_Channel4_IRQHandler
                0x08002590                USART3_IRQHandler
                0x08002590                TIM4_IRQHandler
                0x08002590                DMA2_Channel1_IRQHandler
                0x08002590                I2C1_EV_IRQHandler
                0x08002590                DMA1_Channel6_IRQHandler
                0x08002590                UART4_IRQHandler
                0x08002590                DMA2_Channel4_IRQHandler
                0x08002590                TIM3_IRQHandler
                0x08002590                RCC_IRQHandler
                0x08002590                Default_Handler
                0x08002590                RTC_TAMP_LSECSS_IRQHandler
                0x08002590                FMAC_IRQHandler
                0x08002590                EXTI15_10_IRQHandler
                0x08002590                TIM7_IRQHandler
                0x08002590                UCPD1_IRQHandler
                0x08002590                I2C3_EV_IRQHandler
                0x08002590                EXTI9_5_IRQHandler
                0x08002590                RTC_WKUP_IRQHandler
                0x08002590                PVD_PVM_IRQHandler
                0x08002590                SPI2_IRQHandler
                0x08002590                DMA2_Channel5_IRQHandler
                0x08002590                CRS_IRQHandler
                0x08002590                DMA1_Channel5_IRQHandler
                0x08002590                USB_LP_IRQHandler
                0x08002590                EXTI4_IRQHandler
                0x08002590                RNG_IRQHandler
                0x08002590                TIM1_TRG_COM_TIM17_IRQHandler
                0x08002590                DMA1_Channel3_IRQHandler
                0x08002590                WWDG_IRQHandler
                0x08002590                LPUART1_IRQHandler
                0x08002590                DMA2_Channel6_IRQHandler
                0x08002590                FDCAN1_IT0_IRQHandler
                0x08002590                TIM2_IRQHandler
                0x08002590                COMP1_2_3_IRQHandler
                0x08002590                EXTI1_IRQHandler
                0x08002590                I2C2_ER_IRQHandler
                0x08002590                TIM8_BRK_IRQHandler
                0x08002590                FLASH_IRQHandler
                0x08002590                USART1_IRQHandler
                0x08002590                SPI3_IRQHandler
                0x08002590                I2C1_ER_IRQHandler
                0x08002590                LPTIM1_IRQHandler
                0x08002590                DMAMUX_OVR_IRQHandler
                0x08002590                USBWakeUp_IRQHandler
                0x08002590                SAI1_IRQHandler
                0x08002590                DMA2_Channel3_IRQHandler
                0x08002590                COMP4_IRQHandler
                0x08002590                TIM1_BRK_TIM15_IRQHandler
 .text.HAL_Init
                0x08002592       0x30 ./Src/Drivers/STM32G4xx_HAL_Driver/Src/stm32g4xx_hal.o
                0x08002592                HAL_Init
 *fill*         0x080025c2        0x2 
 .text.HAL_InitTick
                0x080025c4       0x74 ./Src/Drivers/STM32G4xx_HAL_Driver/Src/stm32g4xx_hal.o
                0x080025c4                HAL_InitTick
 .text.HAL_IncTick
                0x08002638       0x24 ./Src/Drivers/STM32G4xx_HAL_Driver/Src/stm32g4xx_hal.o
                0x08002638                HAL_IncTick
 .text.HAL_GetTick
                0x0800265c       0x18 ./Src/Drivers/STM32G4xx_HAL_Driver/Src/stm32g4xx_hal.o
                0x0800265c                HAL_GetTick
 .text.HAL_Delay
                0x08002674       0x44 ./Src/Drivers/STM32G4xx_HAL_Driver/Src/stm32g4xx_hal.o
                0x08002674                HAL_Delay
 .text.__NVIC_SetPriorityGrouping
                0x080026b8       0x48 ./Src/Drivers/STM32G4xx_HAL_Driver/Src/stm32g4xx_hal_cortex.o
 .text.__NVIC_GetPriorityGrouping
                0x08002700       0x1c ./Src/Drivers/STM32G4xx_HAL_Driver/Src/stm32g4xx_hal_cortex.o
 .text.__NVIC_EnableIRQ
                0x0800271c       0x3c ./Src/Drivers/STM32G4xx_HAL_Driver/Src/stm32g4xx_hal_cortex.o
 .text.__NVIC_SetPriority
                0x08002758       0x54 ./Src/Drivers/STM32G4xx_HAL_Driver/Src/stm32g4xx_hal_cortex.o
 .text.NVIC_EncodePriority
                0x080027ac       0x66 ./Src/Drivers/STM32G4xx_HAL_Driver/Src/stm32g4xx_hal_cortex.o
 *fill*         0x08002812        0x2 
 .text.SysTick_Config
                0x08002814       0x44 ./Src/Drivers/STM32G4xx_HAL_Driver/Src/stm32g4xx_hal_cortex.o
 .text.HAL_NVIC_SetPriorityGrouping
                0x08002858       0x16 ./Src/Drivers/STM32G4xx_HAL_Driver/Src/stm32g4xx_hal_cortex.o
                0x08002858                HAL_NVIC_SetPriorityGrouping
 .text.HAL_NVIC_SetPriority
                0x0800286e       0x34 ./Src/Drivers/STM32G4xx_HAL_Driver/Src/stm32g4xx_hal_cortex.o
                0x0800286e                HAL_NVIC_SetPriority
 .text.HAL_NVIC_EnableIRQ
                0x080028a2       0x1c ./Src/Drivers/STM32G4xx_HAL_Driver/Src/stm32g4xx_hal_cortex.o
                0x080028a2                HAL_NVIC_EnableIRQ
 .text.HAL_SYSTICK_Config
                0x080028be       0x18 ./Src/Drivers/STM32G4xx_HAL_Driver/Src/stm32g4xx_hal_cortex.o
                0x080028be                HAL_SYSTICK_Config
 *fill*         0x080028d6        0x2 
 .text.HAL_DMA_Init
                0x080028d8      0x150 ./Src/Drivers/STM32G4xx_HAL_Driver/Src/stm32g4xx_hal_dma.o
                0x080028d8                HAL_DMA_Init
 .text.HAL_DMA_Start_IT
                0x08002a28       0xf6 ./Src/Drivers/STM32G4xx_HAL_Driver/Src/stm32g4xx_hal_dma.o
                0x08002a28                HAL_DMA_Start_IT
 .text.HAL_DMA_Abort
                0x08002b1e       0xbc ./Src/Drivers/STM32G4xx_HAL_Driver/Src/stm32g4xx_hal_dma.o
                0x08002b1e                HAL_DMA_Abort
 .text.HAL_DMA_Abort_IT
                0x08002bda       0xce ./Src/Drivers/STM32G4xx_HAL_Driver/Src/stm32g4xx_hal_dma.o
                0x08002bda                HAL_DMA_Abort_IT
 .text.HAL_DMA_IRQHandler
                0x08002ca8      0x15e ./Src/Drivers/STM32G4xx_HAL_Driver/Src/stm32g4xx_hal_dma.o
                0x08002ca8                HAL_DMA_IRQHandler
 .text.DMA_SetConfig
                0x08002e06       0x7c ./Src/Drivers/STM32G4xx_HAL_Driver/Src/stm32g4xx_hal_dma.o
 *fill*         0x08002e82        0x2 
 .text.DMA_CalcDMAMUXChannelBaseAndMask
                0x08002e84       0x90 ./Src/Drivers/STM32G4xx_HAL_Driver/Src/stm32g4xx_hal_dma.o
 .text.DMA_CalcDMAMUXRequestGenBaseAndMask
                0x08002f14       0x4c ./Src/Drivers/STM32G4xx_HAL_Driver/Src/stm32g4xx_hal_dma.o
 .text.HAL_GPIO_Init
                0x08002f60      0x318 ./Src/Drivers/STM32G4xx_HAL_Driver/Src/stm32g4xx_hal_gpio.o
                0x08002f60                HAL_GPIO_Init
 .text.HAL_GPIO_ReadPin
                0x08003278       0x30 ./Src/Drivers/STM32G4xx_HAL_Driver/Src/stm32g4xx_hal_gpio.o
                0x08003278                HAL_GPIO_ReadPin
 .text.HAL_GPIO_WritePin
                0x080032a8       0x30 ./Src/Drivers/STM32G4xx_HAL_Driver/Src/stm32g4xx_hal_gpio.o
                0x080032a8                HAL_GPIO_WritePin
 .text.HAL_GPIO_TogglePin
                0x080032d8       0x34 ./Src/Drivers/STM32G4xx_HAL_Driver/Src/stm32g4xx_hal_gpio.o
                0x080032d8                HAL_GPIO_TogglePin
 .text.HAL_I2C_Init
                0x0800330c      0x136 ./Src/Drivers/STM32G4xx_HAL_Driver/Src/stm32g4xx_hal_i2c.o
                0x0800330c                HAL_I2C_Init
 *fill*         0x08003442        0x2 
 .text.HAL_I2C_Master_Transmit
                0x08003444      0x230 ./Src/Drivers/STM32G4xx_HAL_Driver/Src/stm32g4xx_hal_i2c.o
                0x08003444                HAL_I2C_Master_Transmit
 .text.I2C_Flush_TXDR
                0x08003674       0x48 ./Src/Drivers/STM32G4xx_HAL_Driver/Src/stm32g4xx_hal_i2c.o
 .text.I2C_WaitOnFlagUntilTimeout
                0x080036bc       0xb2 ./Src/Drivers/STM32G4xx_HAL_Driver/Src/stm32g4xx_hal_i2c.o
 .text.I2C_WaitOnTXISFlagUntilTimeout
                0x0800376e       0x8e ./Src/Drivers/STM32G4xx_HAL_Driver/Src/stm32g4xx_hal_i2c.o
 .text.I2C_WaitOnSTOPFlagUntilTimeout
                0x080037fc       0x86 ./Src/Drivers/STM32G4xx_HAL_Driver/Src/stm32g4xx_hal_i2c.o
 *fill*         0x08003882        0x2 
 .text.I2C_IsErrorOccurred
                0x08003884      0x1c0 ./Src/Drivers/STM32G4xx_HAL_Driver/Src/stm32g4xx_hal_i2c.o
 .text.I2C_TransferConfig
                0x08003a44       0x64 ./Src/Drivers/STM32G4xx_HAL_Driver/Src/stm32g4xx_hal_i2c.o
 .text.HAL_I2CEx_ConfigAnalogFilter
                0x08003aa8       0x96 ./Src/Drivers/STM32G4xx_HAL_Driver/Src/stm32g4xx_hal_i2c_ex.o
                0x08003aa8                HAL_I2CEx_ConfigAnalogFilter
 .text.HAL_I2CEx_ConfigDigitalFilter
                0x08003b3e       0x98 ./Src/Drivers/STM32G4xx_HAL_Driver/Src/stm32g4xx_hal_i2c_ex.o
                0x08003b3e                HAL_I2CEx_ConfigDigitalFilter
 *fill*         0x08003bd6        0x2 
 .text.HAL_PWREx_ControlVoltageScaling
                0x08003bd8      0x148 ./Src/Drivers/STM32G4xx_HAL_Driver/Src/stm32g4xx_hal_pwr_ex.o
                0x08003bd8                HAL_PWREx_ControlVoltageScaling
 .text.HAL_PWREx_DisableUCPDDeadBattery
                0x08003d20       0x20 ./Src/Drivers/STM32G4xx_HAL_Driver/Src/stm32g4xx_hal_pwr_ex.o
                0x08003d20                HAL_PWREx_DisableUCPDDeadBattery
 .text.HAL_RCC_OscConfig
                0x08003d40      0x624 ./Src/Drivers/STM32G4xx_HAL_Driver/Src/stm32g4xx_hal_rcc.o
                0x08003d40                HAL_RCC_OscConfig
 .text.HAL_RCC_ClockConfig
                0x08004364      0x278 ./Src/Drivers/STM32G4xx_HAL_Driver/Src/stm32g4xx_hal_rcc.o
                0x08004364                HAL_RCC_ClockConfig
 .text.HAL_RCC_GetSysClockFreq
                0x080045dc       0xc4 ./Src/Drivers/STM32G4xx_HAL_Driver/Src/stm32g4xx_hal_rcc.o
                0x080045dc                HAL_RCC_GetSysClockFreq
 .text.HAL_RCC_GetHCLKFreq
                0x080046a0       0x18 ./Src/Drivers/STM32G4xx_HAL_Driver/Src/stm32g4xx_hal_rcc.o
                0x080046a0                HAL_RCC_GetHCLKFreq
 .text.HAL_RCC_GetPCLK1Freq
                0x080046b8       0x2c ./Src/Drivers/STM32G4xx_HAL_Driver/Src/stm32g4xx_hal_rcc.o
                0x080046b8                HAL_RCC_GetPCLK1Freq
 .text.HAL_RCC_GetPCLK2Freq
                0x080046e4       0x2c ./Src/Drivers/STM32G4xx_HAL_Driver/Src/stm32g4xx_hal_rcc.o
                0x080046e4                HAL_RCC_GetPCLK2Freq
 .text.RCC_GetSysClockFreqFromPLLSource
                0x08004710       0x8c ./Src/Drivers/STM32G4xx_HAL_Driver/Src/stm32g4xx_hal_rcc.o
 .text.HAL_RCCEx_PeriphCLKConfig
                0x0800479c      0x3e0 ./Src/Drivers/STM32G4xx_HAL_Driver/Src/stm32g4xx_hal_rcc_ex.o
                0x0800479c                HAL_RCCEx_PeriphCLKConfig
 .text.HAL_SPI_Init
                0x08004b7c      0x156 ./Src/Drivers/STM32G4xx_HAL_Driver/Src/stm32g4xx_hal_spi.o
                0x08004b7c                HAL_SPI_Init
 *fill*         0x08004cd2        0x2 
 .text.HAL_SPI_TransmitReceive_DMA
                0x08004cd4      0x30c ./Src/Drivers/STM32G4xx_HAL_Driver/Src/stm32g4xx_hal_spi.o
                0x08004cd4                HAL_SPI_TransmitReceive_DMA
 .text.HAL_SPI_IRQHandler
                0x08004fe0      0x200 ./Src/Drivers/STM32G4xx_HAL_Driver/Src/stm32g4xx_hal_spi.o
                0x08004fe0                HAL_SPI_IRQHandler
 .text.HAL_SPI_RxCpltCallback
                0x080051e0       0x14 ./Src/Drivers/STM32G4xx_HAL_Driver/Src/stm32g4xx_hal_spi.o
                0x080051e0                HAL_SPI_RxCpltCallback
 .text.HAL_SPI_RxHalfCpltCallback
                0x080051f4       0x14 ./Src/Drivers/STM32G4xx_HAL_Driver/Src/stm32g4xx_hal_spi.o
                0x080051f4                HAL_SPI_RxHalfCpltCallback
 .text.HAL_SPI_TxRxHalfCpltCallback
                0x08005208       0x14 ./Src/Drivers/STM32G4xx_HAL_Driver/Src/stm32g4xx_hal_spi.o
                0x08005208                HAL_SPI_TxRxHalfCpltCallback
 .text.HAL_SPI_GetState
                0x0800521c       0x1c ./Src/Drivers/STM32G4xx_HAL_Driver/Src/stm32g4xx_hal_spi.o
                0x0800521c                HAL_SPI_GetState
 .text.SPI_DMAReceiveCplt
                0x08005238       0xa8 ./Src/Drivers/STM32G4xx_HAL_Driver/Src/stm32g4xx_hal_spi.o
 .text.SPI_DMATransmitReceiveCplt
                0x080052e0       0x90 ./Src/Drivers/STM32G4xx_HAL_Driver/Src/stm32g4xx_hal_spi.o
 .text.SPI_DMAHalfReceiveCplt
                0x08005370       0x1c ./Src/Drivers/STM32G4xx_HAL_Driver/Src/stm32g4xx_hal_spi.o
 .text.SPI_DMAHalfTransmitReceiveCplt
                0x0800538c       0x1c ./Src/Drivers/STM32G4xx_HAL_Driver/Src/stm32g4xx_hal_spi.o
 .text.SPI_DMAError
                0x080053a8       0x40 ./Src/Drivers/STM32G4xx_HAL_Driver/Src/stm32g4xx_hal_spi.o
 .text.SPI_DMAAbortOnError
                0x080053e8       0x2a ./Src/Drivers/STM32G4xx_HAL_Driver/Src/stm32g4xx_hal_spi.o
 *fill*         0x08005412        0x2 
 .text.SPI_WaitFlagStateUntilTimeout
                0x08005414      0x110 ./Src/Drivers/STM32G4xx_HAL_Driver/Src/stm32g4xx_hal_spi.o
 .text.SPI_WaitFifoStateUntilTimeout
                0x08005524      0x12c ./Src/Drivers/STM32G4xx_HAL_Driver/Src/stm32g4xx_hal_spi.o
 .text.SPI_EndRxTransaction
                0x08005650       0xb0 ./Src/Drivers/STM32G4xx_HAL_Driver/Src/stm32g4xx_hal_spi.o
 .text.SPI_EndRxTxTransaction
                0x08005700       0x8c ./Src/Drivers/STM32G4xx_HAL_Driver/Src/stm32g4xx_hal_spi.o
 .text.HAL_TIM_Base_Init
                0x0800578c       0xae ./Src/Drivers/STM32G4xx_HAL_Driver/Src/stm32g4xx_hal_tim.o
                0x0800578c                HAL_TIM_Base_Init
 *fill*         0x0800583a        0x2 
 .text.HAL_TIM_Base_Start_IT
                0x0800583c       0xd4 ./Src/Drivers/STM32G4xx_HAL_Driver/Src/stm32g4xx_hal_tim.o
                0x0800583c                HAL_TIM_Base_Start_IT
 .text.HAL_TIM_IRQHandler
                0x08005910      0x29e ./Src/Drivers/STM32G4xx_HAL_Driver/Src/stm32g4xx_hal_tim.o
                0x08005910                HAL_TIM_IRQHandler
 *fill*         0x08005bae        0x2 
 .text.HAL_TIM_ConfigClockSource
                0x08005bb0      0x1f4 ./Src/Drivers/STM32G4xx_HAL_Driver/Src/stm32g4xx_hal_tim.o
                0x08005bb0                HAL_TIM_ConfigClockSource
 .text.HAL_TIM_OC_DelayElapsedCallback
                0x08005da4       0x14 ./Src/Drivers/STM32G4xx_HAL_Driver/Src/stm32g4xx_hal_tim.o
                0x08005da4                HAL_TIM_OC_DelayElapsedCallback
 .text.HAL_TIM_IC_CaptureCallback
                0x08005db8       0x14 ./Src/Drivers/STM32G4xx_HAL_Driver/Src/stm32g4xx_hal_tim.o
                0x08005db8                HAL_TIM_IC_CaptureCallback
 .text.HAL_TIM_PWM_PulseFinishedCallback
                0x08005dcc       0x14 ./Src/Drivers/STM32G4xx_HAL_Driver/Src/stm32g4xx_hal_tim.o
                0x08005dcc                HAL_TIM_PWM_PulseFinishedCallback
 .text.HAL_TIM_TriggerCallback
                0x08005de0       0x14 ./Src/Drivers/STM32G4xx_HAL_Driver/Src/stm32g4xx_hal_tim.o
                0x08005de0                HAL_TIM_TriggerCallback
 .text.TIM_Base_SetConfig
                0x08005df4      0x12c ./Src/Drivers/STM32G4xx_HAL_Driver/Src/stm32g4xx_hal_tim.o
                0x08005df4                TIM_Base_SetConfig
 .text.TIM_TI1_ConfigInputStage
                0x08005f20       0xa8 ./Src/Drivers/STM32G4xx_HAL_Driver/Src/stm32g4xx_hal_tim.o
 .text.TIM_TI2_ConfigInputStage
                0x08005fc8       0x84 ./Src/Drivers/STM32G4xx_HAL_Driver/Src/stm32g4xx_hal_tim.o
 .text.TIM_ITRx_SetConfig
                0x0800604c       0x3a ./Src/Drivers/STM32G4xx_HAL_Driver/Src/stm32g4xx_hal_tim.o
 .text.TIM_ETR_SetConfig
                0x08006086       0x40 ./Src/Drivers/STM32G4xx_HAL_Driver/Src/stm32g4xx_hal_tim.o
                0x08006086                TIM_ETR_SetConfig
 *fill*         0x080060c6        0x2 
 .text.HAL_TIMEx_MasterConfigSynchronization
                0x080060c8      0x104 ./Src/Drivers/STM32G4xx_HAL_Driver/Src/stm32g4xx_hal_tim_ex.o
                0x080060c8                HAL_TIMEx_MasterConfigSynchronization
 .text.HAL_TIMEx_CommutCallback
                0x080061cc       0x14 ./Src/Drivers/STM32G4xx_HAL_Driver/Src/stm32g4xx_hal_tim_ex.o
                0x080061cc                HAL_TIMEx_CommutCallback
 .text.HAL_TIMEx_BreakCallback
                0x080061e0       0x14 ./Src/Drivers/STM32G4xx_HAL_Driver/Src/stm32g4xx_hal_tim_ex.o
                0x080061e0                HAL_TIMEx_BreakCallback
 .text.HAL_TIMEx_Break2Callback
                0x080061f4       0x14 ./Src/Drivers/STM32G4xx_HAL_Driver/Src/stm32g4xx_hal_tim_ex.o
                0x080061f4                HAL_TIMEx_Break2Callback
 .text.HAL_TIMEx_EncoderIndexCallback
                0x08006208       0x14 ./Src/Drivers/STM32G4xx_HAL_Driver/Src/stm32g4xx_hal_tim_ex.o
                0x08006208                HAL_TIMEx_EncoderIndexCallback
 .text.HAL_TIMEx_DirectionChangeCallback
                0x0800621c       0x14 ./Src/Drivers/STM32G4xx_HAL_Driver/Src/stm32g4xx_hal_tim_ex.o
                0x0800621c                HAL_TIMEx_DirectionChangeCallback
 .text.HAL_TIMEx_IndexErrorCallback
                0x08006230       0x14 ./Src/Drivers/STM32G4xx_HAL_Driver/Src/stm32g4xx_hal_tim_ex.o
                0x08006230                HAL_TIMEx_IndexErrorCallback
 .text.HAL_TIMEx_TransitionErrorCallback
                0x08006244       0x14 ./Src/Drivers/STM32G4xx_HAL_Driver/Src/stm32g4xx_hal_tim_ex.o
                0x08006244                HAL_TIMEx_TransitionErrorCallback
 .text.HAL_UART_Init
                0x08006258       0xa0 ./Src/Drivers/STM32G4xx_HAL_Driver/Src/stm32g4xx_hal_uart.o
                0x08006258                HAL_UART_Init
 .text.HAL_UART_Transmit
                0x080062f8      0x132 ./Src/Drivers/STM32G4xx_HAL_Driver/Src/stm32g4xx_hal_uart.o
                0x080062f8                HAL_UART_Transmit
 *fill*         0x0800642a        0x2 
 .text.HAL_UART_Receive_IT
                0x0800642c       0x98 ./Src/Drivers/STM32G4xx_HAL_Driver/Src/stm32g4xx_hal_uart.o
                0x0800642c                HAL_UART_Receive_IT
 .text.HAL_UART_IRQHandler
                0x080064c4      0x684 ./Src/Drivers/STM32G4xx_HAL_Driver/Src/stm32g4xx_hal_uart.o
                0x080064c4                HAL_UART_IRQHandler
 .text.HAL_UART_TxCpltCallback
                0x08006b48       0x14 ./Src/Drivers/STM32G4xx_HAL_Driver/Src/stm32g4xx_hal_uart.o
                0x08006b48                HAL_UART_TxCpltCallback
 .text.HAL_UART_RxCpltCallback
                0x08006b5c       0x14 ./Src/Drivers/STM32G4xx_HAL_Driver/Src/stm32g4xx_hal_uart.o
                0x08006b5c                HAL_UART_RxCpltCallback
 .text.HAL_UART_ErrorCallback
                0x08006b70       0x14 ./Src/Drivers/STM32G4xx_HAL_Driver/Src/stm32g4xx_hal_uart.o
                0x08006b70                HAL_UART_ErrorCallback
 .text.HAL_UARTEx_RxEventCallback
                0x08006b84       0x18 ./Src/Drivers/STM32G4xx_HAL_Driver/Src/stm32g4xx_hal_uart.o
                0x08006b84                HAL_UARTEx_RxEventCallback
 .text.UART_SetConfig
                0x08006b9c      0x598 ./Src/Drivers/STM32G4xx_HAL_Driver/Src/stm32g4xx_hal_uart.o
                0x08006b9c                UART_SetConfig
 .text.UART_AdvFeatureConfig
                0x08007134      0x144 ./Src/Drivers/STM32G4xx_HAL_Driver/Src/stm32g4xx_hal_uart.o
                0x08007134                UART_AdvFeatureConfig
 .text.UART_CheckIdleState
                0x08007278      0x154 ./Src/Drivers/STM32G4xx_HAL_Driver/Src/stm32g4xx_hal_uart.o
                0x08007278                UART_CheckIdleState
 .text.UART_WaitOnFlagUntilTimeout
                0x080073cc       0xda ./Src/Drivers/STM32G4xx_HAL_Driver/Src/stm32g4xx_hal_uart.o
                0x080073cc                UART_WaitOnFlagUntilTimeout
 *fill*         0x080074a6        0x2 
 .text.UART_Start_Receive_IT
                0x080074a8      0x244 ./Src/Drivers/STM32G4xx_HAL_Driver/Src/stm32g4xx_hal_uart.o
                0x080074a8                UART_Start_Receive_IT
 .text.UART_EndRxTransfer
                0x080076ec       0xcc ./Src/Drivers/STM32G4xx_HAL_Driver/Src/stm32g4xx_hal_uart.o
 .text.UART_DMAAbortOnError
                0x080077b8       0x1c ./Src/Drivers/STM32G4xx_HAL_Driver/Src/stm32g4xx_hal_uart.o
 .text.UART_EndTransmit_IT
                0x080077d4       0x56 ./Src/Drivers/STM32G4xx_HAL_Driver/Src/stm32g4xx_hal_uart.o
 *fill*         0x0800782a        0x2 
 .text.UART_RxISR_8BIT
                0x0800782c      0x1c4 ./Src/Drivers/STM32G4xx_HAL_Driver/Src/stm32g4xx_hal_uart.o
 .text.UART_RxISR_16BIT
                0x080079f0      0x1b8 ./Src/Drivers/STM32G4xx_HAL_Driver/Src/stm32g4xx_hal_uart.o
 .text.UART_RxISR_8BIT_FIFOEN
                0x08007ba8      0x364 ./Src/Drivers/STM32G4xx_HAL_Driver/Src/stm32g4xx_hal_uart.o
 .text.UART_RxISR_16BIT_FIFOEN
                0x08007f0c      0x36c ./Src/Drivers/STM32G4xx_HAL_Driver/Src/stm32g4xx_hal_uart.o
 .text.HAL_UARTEx_WakeupCallback
                0x08008278       0x14 ./Src/Drivers/STM32G4xx_HAL_Driver/Src/stm32g4xx_hal_uart_ex.o
                0x08008278                HAL_UARTEx_WakeupCallback
 .text.HAL_UARTEx_RxFifoFullCallback
                0x0800828c       0x14 ./Src/Drivers/STM32G4xx_HAL_Driver/Src/stm32g4xx_hal_uart_ex.o
                0x0800828c                HAL_UARTEx_RxFifoFullCallback
 .text.HAL_UARTEx_TxFifoEmptyCallback
                0x080082a0       0x14 ./Src/Drivers/STM32G4xx_HAL_Driver/Src/stm32g4xx_hal_uart_ex.o
                0x080082a0                HAL_UARTEx_TxFifoEmptyCallback
 .text.HAL_UARTEx_DisableFifoMode
                0x080082b4       0x72 ./Src/Drivers/STM32G4xx_HAL_Driver/Src/stm32g4xx_hal_uart_ex.o
                0x080082b4                HAL_UARTEx_DisableFifoMode
 .text.HAL_UARTEx_SetTxFifoThreshold
                0x08008326       0x7c ./Src/Drivers/STM32G4xx_HAL_Driver/Src/stm32g4xx_hal_uart_ex.o
                0x08008326                HAL_UARTEx_SetTxFifoThreshold
 .text.HAL_UARTEx_SetRxFifoThreshold
                0x080083a2       0x7c ./Src/Drivers/STM32G4xx_HAL_Driver/Src/stm32g4xx_hal_uart_ex.o
                0x080083a2                HAL_UARTEx_SetRxFifoThreshold
 *fill*         0x0800841e        0x2 
 .text.UARTEx_SetNbDataToProcess
                0x08008420       0x9c ./Src/Drivers/STM32G4xx_HAL_Driver/Src/stm32g4xx_hal_uart_ex.o
 .text.__cvt    0x080084bc       0xca C:/ST/STM32CubeIDE_1.19.0/STM32CubeIDE/plugins/com.st.stm32cube.ide.mcu.externaltools.gnu-tools-for-stm32.13.3.rel1.win32_1.0.0.202411081344/tools/bin/../lib/gcc/arm-none-eabi/13.3.1/../../../../arm-none-eabi/lib/thumb/v7e-m+fp/hard\libc_nano.a(libc_a-nano-vfprintf_float.o)
                0x080084bc                __cvt
 .text.__exponent
                0x08008586       0x74 C:/ST/STM32CubeIDE_1.19.0/STM32CubeIDE/plugins/com.st.stm32cube.ide.mcu.externaltools.gnu-tools-for-stm32.13.3.rel1.win32_1.0.0.202411081344/tools/bin/../lib/gcc/arm-none-eabi/13.3.1/../../../../arm-none-eabi/lib/thumb/v7e-m+fp/hard\libc_nano.a(libc_a-nano-vfprintf_float.o)
                0x08008586                __exponent
 *fill*         0x080085fa        0x2 
 .text._printf_float
                0x080085fc      0x454 C:/ST/STM32CubeIDE_1.19.0/STM32CubeIDE/plugins/com.st.stm32cube.ide.mcu.externaltools.gnu-tools-for-stm32.13.3.rel1.win32_1.0.0.202411081344/tools/bin/../lib/gcc/arm-none-eabi/13.3.1/../../../../arm-none-eabi/lib/thumb/v7e-m+fp/hard\libc_nano.a(libc_a-nano-vfprintf_float.o)
                0x080085fc                _printf_float
 .text._printf_common
                0x08008a50       0xda C:/ST/STM32CubeIDE_1.19.0/STM32CubeIDE/plugins/com.st.stm32cube.ide.mcu.externaltools.gnu-tools-for-stm32.13.3.rel1.win32_1.0.0.202411081344/tools/bin/../lib/gcc/arm-none-eabi/13.3.1/../../../../arm-none-eabi/lib/thumb/v7e-m+fp/hard\libc_nano.a(libc_a-nano-vfprintf_i.o)
                0x08008a50                _printf_common
 *fill*         0x08008b2a        0x2 
 .text._printf_i
                0x08008b2c      0x23c C:/ST/STM32CubeIDE_1.19.0/STM32CubeIDE/plugins/com.st.stm32cube.ide.mcu.externaltools.gnu-tools-for-stm32.13.3.rel1.win32_1.0.0.202411081344/tools/bin/../lib/gcc/arm-none-eabi/13.3.1/../../../../arm-none-eabi/lib/thumb/v7e-m+fp/hard\libc_nano.a(libc_a-nano-vfprintf_i.o)
                0x08008b2c                _printf_i
 .text.std      0x08008d68       0x6c C:/ST/STM32CubeIDE_1.19.0/STM32CubeIDE/plugins/com.st.stm32cube.ide.mcu.externaltools.gnu-tools-for-stm32.13.3.rel1.win32_1.0.0.202411081344/tools/bin/../lib/gcc/arm-none-eabi/13.3.1/../../../../arm-none-eabi/lib/thumb/v7e-m+fp/hard\libc_nano.a(libc_a-findfp.o)
 .text.stdio_exit_handler
                0x08008dd4       0x18 C:/ST/STM32CubeIDE_1.19.0/STM32CubeIDE/plugins/com.st.stm32cube.ide.mcu.externaltools.gnu-tools-for-stm32.13.3.rel1.win32_1.0.0.202411081344/tools/bin/../lib/gcc/arm-none-eabi/13.3.1/../../../../arm-none-eabi/lib/thumb/v7e-m+fp/hard\libc_nano.a(libc_a-findfp.o)
 .text.cleanup_stdio
                0x08008dec       0x40 C:/ST/STM32CubeIDE_1.19.0/STM32CubeIDE/plugins/com.st.stm32cube.ide.mcu.externaltools.gnu-tools-for-stm32.13.3.rel1.win32_1.0.0.202411081344/tools/bin/../lib/gcc/arm-none-eabi/13.3.1/../../../../arm-none-eabi/lib/thumb/v7e-m+fp/hard\libc_nano.a(libc_a-findfp.o)
 .text.global_stdio_init.part.0
                0x08008e2c       0x3c C:/ST/STM32CubeIDE_1.19.0/STM32CubeIDE/plugins/com.st.stm32cube.ide.mcu.externaltools.gnu-tools-for-stm32.13.3.rel1.win32_1.0.0.202411081344/tools/bin/../lib/gcc/arm-none-eabi/13.3.1/../../../../arm-none-eabi/lib/thumb/v7e-m+fp/hard\libc_nano.a(libc_a-findfp.o)
 .text.__sfp_lock_acquire
                0x08008e68        0xc C:/ST/STM32CubeIDE_1.19.0/STM32CubeIDE/plugins/com.st.stm32cube.ide.mcu.externaltools.gnu-tools-for-stm32.13.3.rel1.win32_1.0.0.202411081344/tools/bin/../lib/gcc/arm-none-eabi/13.3.1/../../../../arm-none-eabi/lib/thumb/v7e-m+fp/hard\libc_nano.a(libc_a-findfp.o)
                0x08008e68                __sfp_lock_acquire
 .text.__sfp_lock_release
                0x08008e74        0xc C:/ST/STM32CubeIDE_1.19.0/STM32CubeIDE/plugins/com.st.stm32cube.ide.mcu.externaltools.gnu-tools-for-stm32.13.3.rel1.win32_1.0.0.202411081344/tools/bin/../lib/gcc/arm-none-eabi/13.3.1/../../../../arm-none-eabi/lib/thumb/v7e-m+fp/hard\libc_nano.a(libc_a-findfp.o)
                0x08008e74                __sfp_lock_release
 .text.__sinit  0x08008e80       0x30 C:/ST/STM32CubeIDE_1.19.0/STM32CubeIDE/plugins/com.st.stm32cube.ide.mcu.externaltools.gnu-tools-for-stm32.13.3.rel1.win32_1.0.0.202411081344/tools/bin/../lib/gcc/arm-none-eabi/13.3.1/../../../../arm-none-eabi/lib/thumb/v7e-m+fp/hard\libc_nano.a(libc_a-findfp.o)
                0x08008e80                __sinit
 .text._fwalk_sglue
                0x08008eb0       0x3c C:/ST/STM32CubeIDE_1.19.0/STM32CubeIDE/plugins/com.st.stm32cube.ide.mcu.externaltools.gnu-tools-for-stm32.13.3.rel1.win32_1.0.0.202411081344/tools/bin/../lib/gcc/arm-none-eabi/13.3.1/../../../../arm-none-eabi/lib/thumb/v7e-m+fp/hard\libc_nano.a(libc_a-fwalk.o)
                0x08008eb0                _fwalk_sglue
 .text.snprintf
                0x08008eec       0x6c C:/ST/STM32CubeIDE_1.19.0/STM32CubeIDE/plugins/com.st.stm32cube.ide.mcu.externaltools.gnu-tools-for-stm32.13.3.rel1.win32_1.0.0.202411081344/tools/bin/../lib/gcc/arm-none-eabi/13.3.1/../../../../arm-none-eabi/lib/thumb/v7e-m+fp/hard\libc_nano.a(libc_a-snprintf.o)
                0x08008eec                sniprintf
                0x08008eec                snprintf
 .text.__sread  0x08008f58       0x22 C:/ST/STM32CubeIDE_1.19.0/STM32CubeIDE/plugins/com.st.stm32cube.ide.mcu.externaltools.gnu-tools-for-stm32.13.3.rel1.win32_1.0.0.202411081344/tools/bin/../lib/gcc/arm-none-eabi/13.3.1/../../../../arm-none-eabi/lib/thumb/v7e-m+fp/hard\libc_nano.a(libc_a-stdio.o)
                0x08008f58                __sread
 .text.__swrite
                0x08008f7a       0x38 C:/ST/STM32CubeIDE_1.19.0/STM32CubeIDE/plugins/com.st.stm32cube.ide.mcu.externaltools.gnu-tools-for-stm32.13.3.rel1.win32_1.0.0.202411081344/tools/bin/../lib/gcc/arm-none-eabi/13.3.1/../../../../arm-none-eabi/lib/thumb/v7e-m+fp/hard\libc_nano.a(libc_a-stdio.o)
                0x08008f7a                __swrite
 .text.__sseek  0x08008fb2       0x24 C:/ST/STM32CubeIDE_1.19.0/STM32CubeIDE/plugins/com.st.stm32cube.ide.mcu.externaltools.gnu-tools-for-stm32.13.3.rel1.win32_1.0.0.202411081344/tools/bin/../lib/gcc/arm-none-eabi/13.3.1/../../../../arm-none-eabi/lib/thumb/v7e-m+fp/hard\libc_nano.a(libc_a-stdio.o)
                0x08008fb2                __sseek
 .text.__sclose
                0x08008fd6        0x8 C:/ST/STM32CubeIDE_1.19.0/STM32CubeIDE/plugins/com.st.stm32cube.ide.mcu.externaltools.gnu-tools-for-stm32.13.3.rel1.win32_1.0.0.202411081344/tools/bin/../lib/gcc/arm-none-eabi/13.3.1/../../../../arm-none-eabi/lib/thumb/v7e-m+fp/hard\libc_nano.a(libc_a-stdio.o)
                0x08008fd6                __sclose
 .text._vsnprintf_r
                0x08008fde       0x5c C:/ST/STM32CubeIDE_1.19.0/STM32CubeIDE/plugins/com.st.stm32cube.ide.mcu.externaltools.gnu-tools-for-stm32.13.3.rel1.win32_1.0.0.202411081344/tools/bin/../lib/gcc/arm-none-eabi/13.3.1/../../../../arm-none-eabi/lib/thumb/v7e-m+fp/hard\libc_nano.a(libc_a-vsnprintf.o)
                0x08008fde                _vsniprintf_r
                0x08008fde                _vsnprintf_r
 *fill*         0x0800903a        0x2 
 .text.vsnprintf
                0x0800903c       0x1c C:/ST/STM32CubeIDE_1.19.0/STM32CubeIDE/plugins/com.st.stm32cube.ide.mcu.externaltools.gnu-tools-for-stm32.13.3.rel1.win32_1.0.0.202411081344/tools/bin/../lib/gcc/arm-none-eabi/13.3.1/../../../../arm-none-eabi/lib/thumb/v7e-m+fp/hard\libc_nano.a(libc_a-vsnprintf.o)
                0x0800903c                vsniprintf
                0x0800903c                vsnprintf
 .text.memset   0x08009058       0x10 C:/ST/STM32CubeIDE_1.19.0/STM32CubeIDE/plugins/com.st.stm32cube.ide.mcu.externaltools.gnu-tools-for-stm32.13.3.rel1.win32_1.0.0.202411081344/tools/bin/../lib/gcc/arm-none-eabi/13.3.1/../../../../arm-none-eabi/lib/thumb/v7e-m+fp/hard\libc_nano.a(libc_a-memset.o)
                0x08009058                memset
 .text._localeconv_r
                0x08009068        0x8 C:/ST/STM32CubeIDE_1.19.0/STM32CubeIDE/plugins/com.st.stm32cube.ide.mcu.externaltools.gnu-tools-for-stm32.13.3.rel1.win32_1.0.0.202411081344/tools/bin/../lib/gcc/arm-none-eabi/13.3.1/../../../../arm-none-eabi/lib/thumb/v7e-m+fp/hard\libc_nano.a(libc_a-localeconv.o)
                0x08009068                _localeconv_r
 .text._close_r
                0x08009070       0x20 C:/ST/STM32CubeIDE_1.19.0/STM32CubeIDE/plugins/com.st.stm32cube.ide.mcu.externaltools.gnu-tools-for-stm32.13.3.rel1.win32_1.0.0.202411081344/tools/bin/../lib/gcc/arm-none-eabi/13.3.1/../../../../arm-none-eabi/lib/thumb/v7e-m+fp/hard\libc_nano.a(libc_a-closer.o)
                0x08009070                _close_r
 .text._lseek_r
                0x08009090       0x24 C:/ST/STM32CubeIDE_1.19.0/STM32CubeIDE/plugins/com.st.stm32cube.ide.mcu.externaltools.gnu-tools-for-stm32.13.3.rel1.win32_1.0.0.202411081344/tools/bin/../lib/gcc/arm-none-eabi/13.3.1/../../../../arm-none-eabi/lib/thumb/v7e-m+fp/hard\libc_nano.a(libc_a-lseekr.o)
                0x08009090                _lseek_r
 .text._read_r  0x080090b4       0x24 C:/ST/STM32CubeIDE_1.19.0/STM32CubeIDE/plugins/com.st.stm32cube.ide.mcu.externaltools.gnu-tools-for-stm32.13.3.rel1.win32_1.0.0.202411081344/tools/bin/../lib/gcc/arm-none-eabi/13.3.1/../../../../arm-none-eabi/lib/thumb/v7e-m+fp/hard\libc_nano.a(libc_a-readr.o)
                0x080090b4                _read_r
 .text._write_r
                0x080090d8       0x24 C:/ST/STM32CubeIDE_1.19.0/STM32CubeIDE/plugins/com.st.stm32cube.ide.mcu.externaltools.gnu-tools-for-stm32.13.3.rel1.win32_1.0.0.202411081344/tools/bin/../lib/gcc/arm-none-eabi/13.3.1/../../../../arm-none-eabi/lib/thumb/v7e-m+fp/hard\libc_nano.a(libc_a-writer.o)
                0x080090d8                _write_r
 .text.__errno  0x080090fc        0xc C:/ST/STM32CubeIDE_1.19.0/STM32CubeIDE/plugins/com.st.stm32cube.ide.mcu.externaltools.gnu-tools-for-stm32.13.3.rel1.win32_1.0.0.202411081344/tools/bin/../lib/gcc/arm-none-eabi/13.3.1/../../../../arm-none-eabi/lib/thumb/v7e-m+fp/hard\libc_nano.a(libc_a-errno.o)
                0x080090fc                __errno
 .text.__libc_init_array
                0x08009108       0x48 C:/ST/STM32CubeIDE_1.19.0/STM32CubeIDE/plugins/com.st.stm32cube.ide.mcu.externaltools.gnu-tools-for-stm32.13.3.rel1.win32_1.0.0.202411081344/tools/bin/../lib/gcc/arm-none-eabi/13.3.1/../../../../arm-none-eabi/lib/thumb/v7e-m+fp/hard\libc_nano.a(libc_a-init.o)
                0x08009108                __libc_init_array
 .text.__retarget_lock_init_recursive
                0x08009150        0x2 C:/ST/STM32CubeIDE_1.19.0/STM32CubeIDE/plugins/com.st.stm32cube.ide.mcu.externaltools.gnu-tools-for-stm32.13.3.rel1.win32_1.0.0.202411081344/tools/bin/../lib/gcc/arm-none-eabi/13.3.1/../../../../arm-none-eabi/lib/thumb/v7e-m+fp/hard\libc_nano.a(libc_a-lock.o)
                0x08009150                __retarget_lock_init_recursive
 .text.__retarget_lock_acquire_recursive
                0x08009152        0x2 C:/ST/STM32CubeIDE_1.19.0/STM32CubeIDE/plugins/com.st.stm32cube.ide.mcu.externaltools.gnu-tools-for-stm32.13.3.rel1.win32_1.0.0.202411081344/tools/bin/../lib/gcc/arm-none-eabi/13.3.1/../../../../arm-none-eabi/lib/thumb/v7e-m+fp/hard\libc_nano.a(libc_a-lock.o)
                0x08009152                __retarget_lock_acquire_recursive
 .text.__retarget_lock_release_recursive
                0x08009154        0x2 C:/ST/STM32CubeIDE_1.19.0/STM32CubeIDE/plugins/com.st.stm32cube.ide.mcu.externaltools.gnu-tools-for-stm32.13.3.rel1.win32_1.0.0.202411081344/tools/bin/../lib/gcc/arm-none-eabi/13.3.1/../../../../arm-none-eabi/lib/thumb/v7e-m+fp/hard\libc_nano.a(libc_a-lock.o)
                0x08009154                __retarget_lock_release_recursive
 .text.quorem   0x08009156      0x110 C:/ST/STM32CubeIDE_1.19.0/STM32CubeIDE/plugins/com.st.stm32cube.ide.mcu.externaltools.gnu-tools-for-stm32.13.3.rel1.win32_1.0.0.202411081344/tools/bin/../lib/gcc/arm-none-eabi/13.3.1/../../../../arm-none-eabi/lib/thumb/v7e-m+fp/hard\libc_nano.a(libc_a-dtoa.o)
 *fill*         0x08009266        0x2 
 .text._dtoa_r  0x08009268      0xba0 C:/ST/STM32CubeIDE_1.19.0/STM32CubeIDE/plugins/com.st.stm32cube.ide.mcu.externaltools.gnu-tools-for-stm32.13.3.rel1.win32_1.0.0.202411081344/tools/bin/../lib/gcc/arm-none-eabi/13.3.1/../../../../arm-none-eabi/lib/thumb/v7e-m+fp/hard\libc_nano.a(libc_a-dtoa.o)
                0x08009268                _dtoa_r
 .text._free_r  0x08009e08       0x94 C:/ST/STM32CubeIDE_1.19.0/STM32CubeIDE/plugins/com.st.stm32cube.ide.mcu.externaltools.gnu-tools-for-stm32.13.3.rel1.win32_1.0.0.202411081344/tools/bin/../lib/gcc/arm-none-eabi/13.3.1/../../../../arm-none-eabi/lib/thumb/v7e-m+fp/hard\libc_nano.a(libc_a-freer.o)
                0x08009e08                _free_r
 .text.malloc   0x08009e9c       0x10 C:/ST/STM32CubeIDE_1.19.0/STM32CubeIDE/plugins/com.st.stm32cube.ide.mcu.externaltools.gnu-tools-for-stm32.13.3.rel1.win32_1.0.0.202411081344/tools/bin/../lib/gcc/arm-none-eabi/13.3.1/../../../../arm-none-eabi/lib/thumb/v7e-m+fp/hard\libc_nano.a(libc_a-malloc.o)
                0x08009e9c                malloc
 .text.sbrk_aligned
                0x08009eac       0x44 C:/ST/STM32CubeIDE_1.19.0/STM32CubeIDE/plugins/com.st.stm32cube.ide.mcu.externaltools.gnu-tools-for-stm32.13.3.rel1.win32_1.0.0.202411081344/tools/bin/../lib/gcc/arm-none-eabi/13.3.1/../../../../arm-none-eabi/lib/thumb/v7e-m+fp/hard\libc_nano.a(libc_a-mallocr.o)
 .text._malloc_r
                0x08009ef0      0x100 C:/ST/STM32CubeIDE_1.19.0/STM32CubeIDE/plugins/com.st.stm32cube.ide.mcu.externaltools.gnu-tools-for-stm32.13.3.rel1.win32_1.0.0.202411081344/tools/bin/../lib/gcc/arm-none-eabi/13.3.1/../../../../arm-none-eabi/lib/thumb/v7e-m+fp/hard\libc_nano.a(libc_a-mallocr.o)
                0x08009ef0                _malloc_r
 .text.__malloc_lock
                0x08009ff0        0xc C:/ST/STM32CubeIDE_1.19.0/STM32CubeIDE/plugins/com.st.stm32cube.ide.mcu.externaltools.gnu-tools-for-stm32.13.3.rel1.win32_1.0.0.202411081344/tools/bin/../lib/gcc/arm-none-eabi/13.3.1/../../../../arm-none-eabi/lib/thumb/v7e-m+fp/hard\libc_nano.a(libc_a-mlock.o)
                0x08009ff0                __malloc_lock
 .text.__malloc_unlock
                0x08009ffc        0xc C:/ST/STM32CubeIDE_1.19.0/STM32CubeIDE/plugins/com.st.stm32cube.ide.mcu.externaltools.gnu-tools-for-stm32.13.3.rel1.win32_1.0.0.202411081344/tools/bin/../lib/gcc/arm-none-eabi/13.3.1/../../../../arm-none-eabi/lib/thumb/v7e-m+fp/hard\libc_nano.a(libc_a-mlock.o)
                0x08009ffc                __malloc_unlock
 .text._Balloc  0x0800a008       0x80 C:/ST/STM32CubeIDE_1.19.0/STM32CubeIDE/plugins/com.st.stm32cube.ide.mcu.externaltools.gnu-tools-for-stm32.13.3.rel1.win32_1.0.0.202411081344/tools/bin/../lib/gcc/arm-none-eabi/13.3.1/../../../../arm-none-eabi/lib/thumb/v7e-m+fp/hard\libc_nano.a(libc_a-mprec.o)
                0x0800a008                _Balloc
 .text._Bfree   0x0800a088       0x44 C:/ST/STM32CubeIDE_1.19.0/STM32CubeIDE/plugins/com.st.stm32cube.ide.mcu.externaltools.gnu-tools-for-stm32.13.3.rel1.win32_1.0.0.202411081344/tools/bin/../lib/gcc/arm-none-eabi/13.3.1/../../../../arm-none-eabi/lib/thumb/v7e-m+fp/hard\libc_nano.a(libc_a-mprec.o)
                0x0800a088                _Bfree
 .text.__multadd
                0x0800a0cc       0x8c C:/ST/STM32CubeIDE_1.19.0/STM32CubeIDE/plugins/com.st.stm32cube.ide.mcu.externaltools.gnu-tools-for-stm32.13.3.rel1.win32_1.0.0.202411081344/tools/bin/../lib/gcc/arm-none-eabi/13.3.1/../../../../arm-none-eabi/lib/thumb/v7e-m+fp/hard\libc_nano.a(libc_a-mprec.o)
                0x0800a0cc                __multadd
 .text.__hi0bits
                0x0800a158       0x3e C:/ST/STM32CubeIDE_1.19.0/STM32CubeIDE/plugins/com.st.stm32cube.ide.mcu.externaltools.gnu-tools-for-stm32.13.3.rel1.win32_1.0.0.202411081344/tools/bin/../lib/gcc/arm-none-eabi/13.3.1/../../../../arm-none-eabi/lib/thumb/v7e-m+fp/hard\libc_nano.a(libc_a-mprec.o)
                0x0800a158                __hi0bits
 .text.__lo0bits
                0x0800a196       0x5a C:/ST/STM32CubeIDE_1.19.0/STM32CubeIDE/plugins/com.st.stm32cube.ide.mcu.externaltools.gnu-tools-for-stm32.13.3.rel1.win32_1.0.0.202411081344/tools/bin/../lib/gcc/arm-none-eabi/13.3.1/../../../../arm-none-eabi/lib/thumb/v7e-m+fp/hard\libc_nano.a(libc_a-mprec.o)
                0x0800a196                __lo0bits
 .text.__i2b    0x0800a1f0       0x2c C:/ST/STM32CubeIDE_1.19.0/STM32CubeIDE/plugins/com.st.stm32cube.ide.mcu.externaltools.gnu-tools-for-stm32.13.3.rel1.win32_1.0.0.202411081344/tools/bin/../lib/gcc/arm-none-eabi/13.3.1/../../../../arm-none-eabi/lib/thumb/v7e-m+fp/hard\libc_nano.a(libc_a-mprec.o)
                0x0800a1f0                __i2b
 .text.__multiply
                0x0800a21c      0x144 C:/ST/STM32CubeIDE_1.19.0/STM32CubeIDE/plugins/com.st.stm32cube.ide.mcu.externaltools.gnu-tools-for-stm32.13.3.rel1.win32_1.0.0.202411081344/tools/bin/../lib/gcc/arm-none-eabi/13.3.1/../../../../arm-none-eabi/lib/thumb/v7e-m+fp/hard\libc_nano.a(libc_a-mprec.o)
                0x0800a21c                __multiply
 .text.__pow5mult
                0x0800a360       0xb4 C:/ST/STM32CubeIDE_1.19.0/STM32CubeIDE/plugins/com.st.stm32cube.ide.mcu.externaltools.gnu-tools-for-stm32.13.3.rel1.win32_1.0.0.202411081344/tools/bin/../lib/gcc/arm-none-eabi/13.3.1/../../../../arm-none-eabi/lib/thumb/v7e-m+fp/hard\libc_nano.a(libc_a-mprec.o)
                0x0800a360                __pow5mult
 .text.__lshift
                0x0800a414       0xd8 C:/ST/STM32CubeIDE_1.19.0/STM32CubeIDE/plugins/com.st.stm32cube.ide.mcu.externaltools.gnu-tools-for-stm32.13.3.rel1.win32_1.0.0.202411081344/tools/bin/../lib/gcc/arm-none-eabi/13.3.1/../../../../arm-none-eabi/lib/thumb/v7e-m+fp/hard\libc_nano.a(libc_a-mprec.o)
                0x0800a414                __lshift
 .text.__mcmp   0x0800a4ec       0x36 C:/ST/STM32CubeIDE_1.19.0/STM32CubeIDE/plugins/com.st.stm32cube.ide.mcu.externaltools.gnu-tools-for-stm32.13.3.rel1.win32_1.0.0.202411081344/tools/bin/../lib/gcc/arm-none-eabi/13.3.1/../../../../arm-none-eabi/lib/thumb/v7e-m+fp/hard\libc_nano.a(libc_a-mprec.o)
                0x0800a4ec                __mcmp
 *fill*         0x0800a522        0x2 
 .text.__mdiff  0x0800a524      0x128 C:/ST/STM32CubeIDE_1.19.0/STM32CubeIDE/plugins/com.st.stm32cube.ide.mcu.externaltools.gnu-tools-for-stm32.13.3.rel1.win32_1.0.0.202411081344/tools/bin/../lib/gcc/arm-none-eabi/13.3.1/../../../../arm-none-eabi/lib/thumb/v7e-m+fp/hard\libc_nano.a(libc_a-mprec.o)
                0x0800a524                __mdiff
 .text.__d2b    0x0800a64c       0xb0 C:/ST/STM32CubeIDE_1.19.0/STM32CubeIDE/plugins/com.st.stm32cube.ide.mcu.externaltools.gnu-tools-for-stm32.13.3.rel1.win32_1.0.0.202411081344/tools/bin/../lib/gcc/arm-none-eabi/13.3.1/../../../../arm-none-eabi/lib/thumb/v7e-m+fp/hard\libc_nano.a(libc_a-mprec.o)
                0x0800a64c                __d2b
 .text.__ssputs_r
                0x0800a6fc       0xb6 C:/ST/STM32CubeIDE_1.19.0/STM32CubeIDE/plugins/com.st.stm32cube.ide.mcu.externaltools.gnu-tools-for-stm32.13.3.rel1.win32_1.0.0.202411081344/tools/bin/../lib/gcc/arm-none-eabi/13.3.1/../../../../arm-none-eabi/lib/thumb/v7e-m+fp/hard\libc_nano.a(libc_a-nano-svfprintf.o)
                0x0800a6fc                __ssputs_r
 *fill*         0x0800a7b2        0x2 
 .text._svfprintf_r
                0x0800a7b4      0x1f8 C:/ST/STM32CubeIDE_1.19.0/STM32CubeIDE/plugins/com.st.stm32cube.ide.mcu.externaltools.gnu-tools-for-stm32.13.3.rel1.win32_1.0.0.202411081344/tools/bin/../lib/gcc/arm-none-eabi/13.3.1/../../../../arm-none-eabi/lib/thumb/v7e-m+fp/hard\libc_nano.a(libc_a-nano-svfprintf.o)
                0x0800a7b4                _svfiprintf_r
                0x0800a7b4                _svfprintf_r
 .text.__sflush_r
                0x0800a9ac      0x108 C:/ST/STM32CubeIDE_1.19.0/STM32CubeIDE/plugins/com.st.stm32cube.ide.mcu.externaltools.gnu-tools-for-stm32.13.3.rel1.win32_1.0.0.202411081344/tools/bin/../lib/gcc/arm-none-eabi/13.3.1/../../../../arm-none-eabi/lib/thumb/v7e-m+fp/hard\libc_nano.a(libc_a-fflush.o)
                0x0800a9ac                __sflush_r
 .text._fflush_r
                0x0800aab4       0x50 C:/ST/STM32CubeIDE_1.19.0/STM32CubeIDE/plugins/com.st.stm32cube.ide.mcu.externaltools.gnu-tools-for-stm32.13.3.rel1.win32_1.0.0.202411081344/tools/bin/../lib/gcc/arm-none-eabi/13.3.1/../../../../arm-none-eabi/lib/thumb/v7e-m+fp/hard\libc_nano.a(libc_a-fflush.o)
                0x0800aab4                _fflush_r
 .text.memmove  0x0800ab04       0x34 C:/ST/STM32CubeIDE_1.19.0/STM32CubeIDE/plugins/com.st.stm32cube.ide.mcu.externaltools.gnu-tools-for-stm32.13.3.rel1.win32_1.0.0.202411081344/tools/bin/../lib/gcc/arm-none-eabi/13.3.1/../../../../arm-none-eabi/lib/thumb/v7e-m+fp/hard\libc_nano.a(libc_a-memmove.o)
                0x0800ab04                memmove
 .text._sbrk_r  0x0800ab38       0x20 C:/ST/STM32CubeIDE_1.19.0/STM32CubeIDE/plugins/com.st.stm32cube.ide.mcu.externaltools.gnu-tools-for-stm32.13.3.rel1.win32_1.0.0.202411081344/tools/bin/../lib/gcc/arm-none-eabi/13.3.1/../../../../arm-none-eabi/lib/thumb/v7e-m+fp/hard\libc_nano.a(libc_a-sbrkr.o)
                0x0800ab38                _sbrk_r
 .text.memcpy   0x0800ab58       0x1c C:/ST/STM32CubeIDE_1.19.0/STM32CubeIDE/plugins/com.st.stm32cube.ide.mcu.externaltools.gnu-tools-for-stm32.13.3.rel1.win32_1.0.0.202411081344/tools/bin/../lib/gcc/arm-none-eabi/13.3.1/../../../../arm-none-eabi/lib/thumb/v7e-m+fp/hard\libc_nano.a(libc_a-memcpy-stub.o)
                0x0800ab58                memcpy
 .text.__assert_func
                0x0800ab74       0x3c C:/ST/STM32CubeIDE_1.19.0/STM32CubeIDE/plugins/com.st.stm32cube.ide.mcu.externaltools.gnu-tools-for-stm32.13.3.rel1.win32_1.0.0.202411081344/tools/bin/../lib/gcc/arm-none-eabi/13.3.1/../../../../arm-none-eabi/lib/thumb/v7e-m+fp/hard\libc_nano.a(libc_a-assert.o)
                0x0800ab74                __assert_func
 .text._calloc_r
                0x0800abb0       0x28 C:/ST/STM32CubeIDE_1.19.0/STM32CubeIDE/plugins/com.st.stm32cube.ide.mcu.externaltools.gnu-tools-for-stm32.13.3.rel1.win32_1.0.0.202411081344/tools/bin/../lib/gcc/arm-none-eabi/13.3.1/../../../../arm-none-eabi/lib/thumb/v7e-m+fp/hard\libc_nano.a(libc_a-callocr.o)
                0x0800abb0                _calloc_r
 .text.__ascii_mbtowc
                0x0800abd8       0x24 C:/ST/STM32CubeIDE_1.19.0/STM32CubeIDE/plugins/com.st.stm32cube.ide.mcu.externaltools.gnu-tools-for-stm32.13.3.rel1.win32_1.0.0.202411081344/tools/bin/../lib/gcc/arm-none-eabi/13.3.1/../../../../arm-none-eabi/lib/thumb/v7e-m+fp/hard\libc_nano.a(libc_a-mbtowc_r.o)
                0x0800abd8                __ascii_mbtowc
 .text._realloc_r
                0x0800abfc       0x5c C:/ST/STM32CubeIDE_1.19.0/STM32CubeIDE/plugins/com.st.stm32cube.ide.mcu.externaltools.gnu-tools-for-stm32.13.3.rel1.win32_1.0.0.202411081344/tools/bin/../lib/gcc/arm-none-eabi/13.3.1/../../../../arm-none-eabi/lib/thumb/v7e-m+fp/hard\libc_nano.a(libc_a-reallocr.o)
                0x0800abfc                _realloc_r
 .text.__ascii_wctomb
                0x0800ac58       0x1a C:/ST/STM32CubeIDE_1.19.0/STM32CubeIDE/plugins/com.st.stm32cube.ide.mcu.externaltools.gnu-tools-for-stm32.13.3.rel1.win32_1.0.0.202411081344/tools/bin/../lib/gcc/arm-none-eabi/13.3.1/../../../../arm-none-eabi/lib/thumb/v7e-m+fp/hard\libc_nano.a(libc_a-wctomb_r.o)
                0x0800ac58                __ascii_wctomb
 *fill*         0x0800ac72        0x2 
 .text.fprintf  0x0800ac74       0x24 C:/ST/STM32CubeIDE_1.19.0/STM32CubeIDE/plugins/com.st.stm32cube.ide.mcu.externaltools.gnu-tools-for-stm32.13.3.rel1.win32_1.0.0.202411081344/tools/bin/../lib/gcc/arm-none-eabi/13.3.1/../../../../arm-none-eabi/lib/thumb/v7e-m+fp/hard\libc_nano.a(libc_a-fprintf.o)
                0x0800ac74                fiprintf
                0x0800ac74                fprintf
 .text.abort    0x0800ac98        0xe C:/ST/STM32CubeIDE_1.19.0/STM32CubeIDE/plugins/com.st.stm32cube.ide.mcu.externaltools.gnu-tools-for-stm32.13.3.rel1.win32_1.0.0.202411081344/tools/bin/../lib/gcc/arm-none-eabi/13.3.1/../../../../arm-none-eabi/lib/thumb/v7e-m+fp/hard\libc_nano.a(libc_a-abort.o)
                0x0800ac98                abort
 .text._malloc_usable_size_r
                0x0800aca6       0x10 C:/ST/STM32CubeIDE_1.19.0/STM32CubeIDE/plugins/com.st.stm32cube.ide.mcu.externaltools.gnu-tools-for-stm32.13.3.rel1.win32_1.0.0.202411081344/tools/bin/../lib/gcc/arm-none-eabi/13.3.1/../../../../arm-none-eabi/lib/thumb/v7e-m+fp/hard\libc_nano.a(libc_a-msizer.o)
                0x0800aca6                _malloc_usable_size_r
 .text.__sfputc_r
                0x0800acb6       0x2e C:/ST/STM32CubeIDE_1.19.0/STM32CubeIDE/plugins/com.st.stm32cube.ide.mcu.externaltools.gnu-tools-for-stm32.13.3.rel1.win32_1.0.0.202411081344/tools/bin/../lib/gcc/arm-none-eabi/13.3.1/../../../../arm-none-eabi/lib/thumb/v7e-m+fp/hard\libc_nano.a(libc_a-nano-vfprintf.o)
 .text.__sfputs_r
                0x0800ace4       0x24 C:/ST/STM32CubeIDE_1.19.0/STM32CubeIDE/plugins/com.st.stm32cube.ide.mcu.externaltools.gnu-tools-for-stm32.13.3.rel1.win32_1.0.0.202411081344/tools/bin/../lib/gcc/arm-none-eabi/13.3.1/../../../../arm-none-eabi/lib/thumb/v7e-m+fp/hard\libc_nano.a(libc_a-nano-vfprintf.o)
                0x0800ace4                __sfputs_r
 .text._vfprintf_r
                0x0800ad08      0x230 C:/ST/STM32CubeIDE_1.19.0/STM32CubeIDE/plugins/com.st.stm32cube.ide.mcu.externaltools.gnu-tools-for-stm32.13.3.rel1.win32_1.0.0.202411081344/tools/bin/../lib/gcc/arm-none-eabi/13.3.1/../../../../arm-none-eabi/lib/thumb/v7e-m+fp/hard\libc_nano.a(libc_a-nano-vfprintf.o)
                0x0800ad08                _vfprintf_r
                0x0800ad08                _vfiprintf_r
 .text.__swbuf_r
                0x0800af38       0x7c C:/ST/STM32CubeIDE_1.19.0/STM32CubeIDE/plugins/com.st.stm32cube.ide.mcu.externaltools.gnu-tools-for-stm32.13.3.rel1.win32_1.0.0.202411081344/tools/bin/../lib/gcc/arm-none-eabi/13.3.1/../../../../arm-none-eabi/lib/thumb/v7e-m+fp/hard\libc_nano.a(libc_a-wbuf.o)
                0x0800af38                __swbuf_r
 .text.__swsetup_r
                0x0800afb4       0xac C:/ST/STM32CubeIDE_1.19.0/STM32CubeIDE/plugins/com.st.stm32cube.ide.mcu.externaltools.gnu-tools-for-stm32.13.3.rel1.win32_1.0.0.202411081344/tools/bin/../lib/gcc/arm-none-eabi/13.3.1/../../../../arm-none-eabi/lib/thumb/v7e-m+fp/hard\libc_nano.a(libc_a-wsetup.o)
                0x0800afb4                __swsetup_r
 .text._raise_r
                0x0800b060       0x50 C:/ST/STM32CubeIDE_1.19.0/STM32CubeIDE/plugins/com.st.stm32cube.ide.mcu.externaltools.gnu-tools-for-stm32.13.3.rel1.win32_1.0.0.202411081344/tools/bin/../lib/gcc/arm-none-eabi/13.3.1/../../../../arm-none-eabi/lib/thumb/v7e-m+fp/hard\libc_nano.a(libc_a-signal.o)
                0x0800b060                _raise_r
 .text.raise    0x0800b0b0       0x10 C:/ST/STM32CubeIDE_1.19.0/STM32CubeIDE/plugins/com.st.stm32cube.ide.mcu.externaltools.gnu-tools-for-stm32.13.3.rel1.win32_1.0.0.202411081344/tools/bin/../lib/gcc/arm-none-eabi/13.3.1/../../../../arm-none-eabi/lib/thumb/v7e-m+fp/hard\libc_nano.a(libc_a-signal.o)
                0x0800b0b0                raise
 .text._kill_r  0x0800b0c0       0x24 C:/ST/STM32CubeIDE_1.19.0/STM32CubeIDE/plugins/com.st.stm32cube.ide.mcu.externaltools.gnu-tools-for-stm32.13.3.rel1.win32_1.0.0.202411081344/tools/bin/../lib/gcc/arm-none-eabi/13.3.1/../../../../arm-none-eabi/lib/thumb/v7e-m+fp/hard\libc_nano.a(libc_a-signalr.o)
                0x0800b0c0                _kill_r
 .text._getpid_r
                0x0800b0e4        0x4 C:/ST/STM32CubeIDE_1.19.0/STM32CubeIDE/plugins/com.st.stm32cube.ide.mcu.externaltools.gnu-tools-for-stm32.13.3.rel1.win32_1.0.0.202411081344/tools/bin/../lib/gcc/arm-none-eabi/13.3.1/../../../../arm-none-eabi/lib/thumb/v7e-m+fp/hard\libc_nano.a(libc_a-signalr.o)
                0x0800b0e4                _getpid_r
 .text.__swhatbuf_r
                0x0800b0e8       0x4c C:/ST/STM32CubeIDE_1.19.0/STM32CubeIDE/plugins/com.st.stm32cube.ide.mcu.externaltools.gnu-tools-for-stm32.13.3.rel1.win32_1.0.0.202411081344/tools/bin/../lib/gcc/arm-none-eabi/13.3.1/../../../../arm-none-eabi/lib/thumb/v7e-m+fp/hard\libc_nano.a(libc_a-makebuf.o)
                0x0800b0e8                __swhatbuf_r
 .text.__smakebuf_r
                0x0800b134       0x78 C:/ST/STM32CubeIDE_1.19.0/STM32CubeIDE/plugins/com.st.stm32cube.ide.mcu.externaltools.gnu-tools-for-stm32.13.3.rel1.win32_1.0.0.202411081344/tools/bin/../lib/gcc/arm-none-eabi/13.3.1/../../../../arm-none-eabi/lib/thumb/v7e-m+fp/hard\libc_nano.a(libc_a-makebuf.o)
                0x0800b134                __smakebuf_r
 .text._fstat_r
                0x0800b1ac       0x24 C:/ST/STM32CubeIDE_1.19.0/STM32CubeIDE/plugins/com.st.stm32cube.ide.mcu.externaltools.gnu-tools-for-stm32.13.3.rel1.win32_1.0.0.202411081344/tools/bin/../lib/gcc/arm-none-eabi/13.3.1/../../../../arm-none-eabi/lib/thumb/v7e-m+fp/hard\libc_nano.a(libc_a-fstatr.o)
                0x0800b1ac                _fstat_r
 .text._isatty_r
                0x0800b1d0       0x20 C:/ST/STM32CubeIDE_1.19.0/STM32CubeIDE/plugins/com.st.stm32cube.ide.mcu.externaltools.gnu-tools-for-stm32.13.3.rel1.win32_1.0.0.202411081344/tools/bin/../lib/gcc/arm-none-eabi/13.3.1/../../../../arm-none-eabi/lib/thumb/v7e-m+fp/hard\libc_nano.a(libc_a-isattyr.o)
                0x0800b1d0                _isatty_r
 *(.glue_7)
 .glue_7        0x0800b1f0        0x0 linker stubs
 *(.glue_7t)
 .glue_7t       0x0800b1f0        0x0 linker stubs
 *(.eh_frame)
 .eh_frame      0x0800b1f0        0x0 C:/ST/STM32CubeIDE_1.19.0/STM32CubeIDE/plugins/com.st.stm32cube.ide.mcu.externaltools.gnu-tools-for-stm32.13.3.rel1.win32_1.0.0.202411081344/tools/bin/../lib/gcc/arm-none-eabi/13.3.1/thumb/v7e-m+fp/hard/crtbegin.o
 *(.init)
 .init          0x0800b1f0        0x4 C:/ST/STM32CubeIDE_1.19.0/STM32CubeIDE/plugins/com.st.stm32cube.ide.mcu.externaltools.gnu-tools-for-stm32.13.3.rel1.win32_1.0.0.202411081344/tools/bin/../lib/gcc/arm-none-eabi/13.3.1/thumb/v7e-m+fp/hard/crti.o
                0x0800b1f0                _init
 .init          0x0800b1f4        0x8 C:/ST/STM32CubeIDE_1.19.0/STM32CubeIDE/plugins/com.st.stm32cube.ide.mcu.externaltools.gnu-tools-for-stm32.13.3.rel1.win32_1.0.0.202411081344/tools/bin/../lib/gcc/arm-none-eabi/13.3.1/thumb/v7e-m+fp/hard/crtn.o
 *(.fini)
 .fini          0x0800b1fc        0x4 C:/ST/STM32CubeIDE_1.19.0/STM32CubeIDE/plugins/com.st.stm32cube.ide.mcu.externaltools.gnu-tools-for-stm32.13.3.rel1.win32_1.0.0.202411081344/tools/bin/../lib/gcc/arm-none-eabi/13.3.1/thumb/v7e-m+fp/hard/crti.o
                0x0800b1fc                _fini
 .fini          0x0800b200        0x8 C:/ST/STM32CubeIDE_1.19.0/STM32CubeIDE/plugins/com.st.stm32cube.ide.mcu.externaltools.gnu-tools-for-stm32.13.3.rel1.win32_1.0.0.202411081344/tools/bin/../lib/gcc/arm-none-eabi/13.3.1/thumb/v7e-m+fp/hard/crtn.o
                0x0800b208                        . = ALIGN (0x4)
                0x0800b208                        _etext = .

.vfp11_veneer   0x0800b208        0x0
 .vfp11_veneer  0x0800b208        0x0 linker stubs

.v4_bx          0x0800b208        0x0
 .v4_bx         0x0800b208        0x0 linker stubs

.iplt           0x0800b208        0x0
 .iplt          0x0800b208        0x0 C:/ST/STM32CubeIDE_1.19.0/STM32CubeIDE/plugins/com.st.stm32cube.ide.mcu.externaltools.gnu-tools-for-stm32.13.3.rel1.win32_1.0.0.202411081344/tools/bin/../lib/gcc/arm-none-eabi/13.3.1/thumb/v7e-m+fp/hard/crtbegin.o

.rodata         0x0800b208      0x4d4
                0x0800b208                        . = ALIGN (0x4)
 *(.rodata)
 .rodata        0x0800b208       0xda ./Src/Core/BissReader/Breader_Main.o
 *fill*         0x0800b2e2        0x2 
 .rodata        0x0800b2e4       0x19 ./Src/Core/BissReader/Breader_Usart.o
 *(.rodata*)
 *fill*         0x0800b2fd        0x3 
 .rodata.auShiftLen
                0x0800b300       0x28 ./Src/Core/BissReader/Breader_Spi.o
                0x0800b300                auShiftLen
 .rodata.AHBPrescTable
                0x0800b328       0x10 ./Src/Core/BissReader/system_stm32g4xx.o
                0x0800b328                AHBPrescTable
 .rodata.APBPrescTable
                0x0800b338        0x8 ./Src/Core/BissReader/system_stm32g4xx.o
                0x0800b338                APBPrescTable
 .rodata.UARTPrescTable
                0x0800b340       0x18 ./Src/Drivers/STM32G4xx_HAL_Driver/Src/stm32g4xx_hal_uart.o
                0x0800b340                UARTPrescTable
 .rodata.numerator.1
                0x0800b358        0x8 ./Src/Drivers/STM32G4xx_HAL_Driver/Src/stm32g4xx_hal_uart_ex.o
 .rodata.denominator.0
                0x0800b360        0x8 ./Src/Drivers/STM32G4xx_HAL_Driver/Src/stm32g4xx_hal_uart_ex.o
 .rodata._printf_float.str1.1
                0x0800b368      0x171 C:/ST/STM32CubeIDE_1.19.0/STM32CubeIDE/plugins/com.st.stm32cube.ide.mcu.externaltools.gnu-tools-for-stm32.13.3.rel1.win32_1.0.0.202411081344/tools/bin/../lib/gcc/arm-none-eabi/13.3.1/../../../../arm-none-eabi/lib/thumb/v7e-m+fp/hard\libc_nano.a(libc_a-nano-vfprintf_float.o)
                                 0x12 (size before relaxing)
 .rodata._printf_i.str1.1
                0x0800b4d9       0x22 C:/ST/STM32CubeIDE_1.19.0/STM32CubeIDE/plugins/com.st.stm32cube.ide.mcu.externaltools.gnu-tools-for-stm32.13.3.rel1.win32_1.0.0.202411081344/tools/bin/../lib/gcc/arm-none-eabi/13.3.1/../../../../arm-none-eabi/lib/thumb/v7e-m+fp/hard\libc_nano.a(libc_a-nano-vfprintf_i.o)
 .rodata._dtoa_r.str1.1
                0x0800b4d9       0x8f C:/ST/STM32CubeIDE_1.19.0/STM32CubeIDE/plugins/com.st.stm32cube.ide.mcu.externaltools.gnu-tools-for-stm32.13.3.rel1.win32_1.0.0.202411081344/tools/bin/../lib/gcc/arm-none-eabi/13.3.1/../../../../arm-none-eabi/lib/thumb/v7e-m+fp/hard\libc_nano.a(libc_a-dtoa.o)
 .rodata._Balloc.str1.1
                0x0800b4d9       0x70 C:/ST/STM32CubeIDE_1.19.0/STM32CubeIDE/plugins/com.st.stm32cube.ide.mcu.externaltools.gnu-tools-for-stm32.13.3.rel1.win32_1.0.0.202411081344/tools/bin/../lib/gcc/arm-none-eabi/13.3.1/../../../../arm-none-eabi/lib/thumb/v7e-m+fp/hard\libc_nano.a(libc_a-mprec.o)
 .rodata.__multadd.str1.1
                0x0800b4d9       0x11 C:/ST/STM32CubeIDE_1.19.0/STM32CubeIDE/plugins/com.st.stm32cube.ide.mcu.externaltools.gnu-tools-for-stm32.13.3.rel1.win32_1.0.0.202411081344/tools/bin/../lib/gcc/arm-none-eabi/13.3.1/../../../../arm-none-eabi/lib/thumb/v7e-m+fp/hard\libc_nano.a(libc_a-mprec.o)
 *fill*         0x0800b4d9        0x3 
 .rodata.p05.0  0x0800b4dc        0xc C:/ST/STM32CubeIDE_1.19.0/STM32CubeIDE/plugins/com.st.stm32cube.ide.mcu.externaltools.gnu-tools-for-stm32.13.3.rel1.win32_1.0.0.202411081344/tools/bin/../lib/gcc/arm-none-eabi/13.3.1/../../../../arm-none-eabi/lib/thumb/v7e-m+fp/hard\libc_nano.a(libc_a-mprec.o)
 .rodata.__mprec_bigtens
                0x0800b4e8       0x28 C:/ST/STM32CubeIDE_1.19.0/STM32CubeIDE/plugins/com.st.stm32cube.ide.mcu.externaltools.gnu-tools-for-stm32.13.3.rel1.win32_1.0.0.202411081344/tools/bin/../lib/gcc/arm-none-eabi/13.3.1/../../../../arm-none-eabi/lib/thumb/v7e-m+fp/hard\libc_nano.a(libc_a-mprec.o)
                0x0800b4e8                __mprec_bigtens
 .rodata.__mprec_tens
                0x0800b510       0xc8 C:/ST/STM32CubeIDE_1.19.0/STM32CubeIDE/plugins/com.st.stm32cube.ide.mcu.externaltools.gnu-tools-for-stm32.13.3.rel1.win32_1.0.0.202411081344/tools/bin/../lib/gcc/arm-none-eabi/13.3.1/../../../../arm-none-eabi/lib/thumb/v7e-m+fp/hard\libc_nano.a(libc_a-mprec.o)
                0x0800b510                __mprec_tens
 .rodata._svfprintf_r.str1.1
                0x0800b5d8       0x11 C:/ST/STM32CubeIDE_1.19.0/STM32CubeIDE/plugins/com.st.stm32cube.ide.mcu.externaltools.gnu-tools-for-stm32.13.3.rel1.win32_1.0.0.202411081344/tools/bin/../lib/gcc/arm-none-eabi/13.3.1/../../../../arm-none-eabi/lib/thumb/v7e-m+fp/hard\libc_nano.a(libc_a-nano-svfprintf.o)
 .rodata._setlocale_r.str1.1
                0x0800b5d8        0x9 C:/ST/STM32CubeIDE_1.19.0/STM32CubeIDE/plugins/com.st.stm32cube.ide.mcu.externaltools.gnu-tools-for-stm32.13.3.rel1.win32_1.0.0.202411081344/tools/bin/../lib/gcc/arm-none-eabi/13.3.1/../../../../arm-none-eabi/lib/thumb/v7e-m+fp/hard\libc_nano.a(libc_a-locale.o)
 .rodata.str1.1
                0x0800b5d8        0x2 C:/ST/STM32CubeIDE_1.19.0/STM32CubeIDE/plugins/com.st.stm32cube.ide.mcu.externaltools.gnu-tools-for-stm32.13.3.rel1.win32_1.0.0.202411081344/tools/bin/../lib/gcc/arm-none-eabi/13.3.1/../../../../arm-none-eabi/lib/thumb/v7e-m+fp/hard\libc_nano.a(libc_a-locale.o)
 .rodata.__assert_func.str1.1
                0x0800b5d8       0x3d C:/ST/STM32CubeIDE_1.19.0/STM32CubeIDE/plugins/com.st.stm32cube.ide.mcu.externaltools.gnu-tools-for-stm32.13.3.rel1.win32_1.0.0.202411081344/tools/bin/../lib/gcc/arm-none-eabi/13.3.1/../../../../arm-none-eabi/lib/thumb/v7e-m+fp/hard\libc_nano.a(libc_a-assert.o)
 .rodata._ctype_
                0x0800b5d8      0x101 C:/ST/STM32CubeIDE_1.19.0/STM32CubeIDE/plugins/com.st.stm32cube.ide.mcu.externaltools.gnu-tools-for-stm32.13.3.rel1.win32_1.0.0.202411081344/tools/bin/../lib/gcc/arm-none-eabi/13.3.1/../../../../arm-none-eabi/lib/thumb/v7e-m+fp/hard\libc_nano.a(libc_a-ctype_.o)
                0x0800b5d8                _ctype_
 .rodata._vfprintf_r.str1.1
                0x0800b6d9       0x11 C:/ST/STM32CubeIDE_1.19.0/STM32CubeIDE/plugins/com.st.stm32cube.ide.mcu.externaltools.gnu-tools-for-stm32.13.3.rel1.win32_1.0.0.202411081344/tools/bin/../lib/gcc/arm-none-eabi/13.3.1/../../../../arm-none-eabi/lib/thumb/v7e-m+fp/hard\libc_nano.a(libc_a-nano-vfprintf.o)
                0x0800b6ec                        . = ALIGN (0x4)
 *fill*         0x0800b6d9        0x3 

.ARM.extab      0x0800b6dc        0x0
                0x0800b6dc                        . = ALIGN (0x4)
 *(.ARM.extab* .gnu.linkonce.armextab.*)
                0x0800b6dc                        . = ALIGN (0x4)

.ARM            0x0800b6dc        0x8
                0x0800b6dc                        . = ALIGN (0x4)
                0x0800b6dc                        __exidx_start = .
 *(.ARM.exidx*)
 .ARM.exidx     0x0800b6dc        0x8 C:/ST/STM32CubeIDE_1.19.0/STM32CubeIDE/plugins/com.st.stm32cube.ide.mcu.externaltools.gnu-tools-for-stm32.13.3.rel1.win32_1.0.0.202411081344/tools/bin/../lib/gcc/arm-none-eabi/13.3.1/../../../../arm-none-eabi/lib/thumb/v7e-m+fp/hard\libc_nano.a(libc_a-memchr.o)
 .ARM.exidx     0x0800b6e4        0x0 C:/ST/STM32CubeIDE_1.19.0/STM32CubeIDE/plugins/com.st.stm32cube.ide.mcu.externaltools.gnu-tools-for-stm32.13.3.rel1.win32_1.0.0.202411081344/tools/bin/../lib/gcc/arm-none-eabi/13.3.1/../../../../arm-none-eabi/lib/thumb/v7e-m+fp/hard\libc_nano.a(libc_a-strlen.o)
                                  0x8 (size before relaxing)
 .ARM.exidx     0x0800b6e4        0x0 C:/ST/STM32CubeIDE_1.19.0/STM32CubeIDE/plugins/com.st.stm32cube.ide.mcu.externaltools.gnu-tools-for-stm32.13.3.rel1.win32_1.0.0.202411081344/tools/bin/../lib/gcc/arm-none-eabi/13.3.1/thumb/v7e-m+fp/hard\libgcc.a(_udivmoddi4.o)
                                  0x8 (size before relaxing)
                0x0800b6e4                        __exidx_end = .
                0x0800b6e4                        . = ALIGN (0x4)

.preinit_array  0x0800b6e4        0x0
                0x0800b6e4                        . = ALIGN (0x4)
                0x0800b6e4                        PROVIDE (__preinit_array_start = .)
 *(.preinit_array*)
                0x0800b6e4                        PROVIDE (__preinit_array_end = .)
                0x0800b6e4                        . = ALIGN (0x4)

.init_array     0x0800b6e4        0x4
                0x0800b6e4                        . = ALIGN (0x4)
                0x0800b6e4                        PROVIDE (__init_array_start = .)
 *(SORT_BY_NAME(.init_array.*))
 *(.init_array*)
 .init_array    0x0800b6e4        0x4 C:/ST/STM32CubeIDE_1.19.0/STM32CubeIDE/plugins/com.st.stm32cube.ide.mcu.externaltools.gnu-tools-for-stm32.13.3.rel1.win32_1.0.0.202411081344/tools/bin/../lib/gcc/arm-none-eabi/13.3.1/thumb/v7e-m+fp/hard/crtbegin.o
                0x0800b6e8                        PROVIDE (__init_array_end = .)
                0x0800b6e8                        . = ALIGN (0x4)

.fini_array     0x0800b6e8        0x4
                0x0800b6e8                        . = ALIGN (0x4)
                [!provide]                        PROVIDE (__fini_array_start = .)
 *(SORT_BY_NAME(.fini_array.*))
 *(.fini_array*)
 .fini_array    0x0800b6e8        0x4 C:/ST/STM32CubeIDE_1.19.0/STM32CubeIDE/plugins/com.st.stm32cube.ide.mcu.externaltools.gnu-tools-for-stm32.13.3.rel1.win32_1.0.0.202411081344/tools/bin/../lib/gcc/arm-none-eabi/13.3.1/thumb/v7e-m+fp/hard/crtbegin.o
                [!provide]                        PROVIDE (__fini_array_end = .)
                0x0800b6ec                        . = ALIGN (0x4)
                0x0800b6ec                        _sidata = LOADADDR (.data)

.rel.dyn        0x0800b6ec        0x0
 .rel.iplt      0x0800b6ec        0x0 C:/ST/STM32CubeIDE_1.19.0/STM32CubeIDE/plugins/com.st.stm32cube.ide.mcu.externaltools.gnu-tools-for-stm32.13.3.rel1.win32_1.0.0.202411081344/tools/bin/../lib/gcc/arm-none-eabi/13.3.1/thumb/v7e-m+fp/hard/crtbegin.o

.data           0x20000000      0x270 load address 0x0800b6ec
                0x20000000                        . = ALIGN (0x4)
                0x20000000                        _sdata = .
 *(.data)
 *(.data*)
 .data.au8TableCRC6
                0x20000000       0x40 ./Src/Core/BissReader/Breader_Biss.o
                0x20000000                au8TableCRC6
 .data.au32BitResMapping
                0x20000040       0x14 ./Src/Core/BissReader/Breader_Biss.o
                0x20000040                au32BitResMapping
 .data.auStringOfProto
                0x20000054       0x28 ./Src/Core/BissReader/Breader_Main.o
                0x20000054                auStringOfProto
 .data.auStrState
                0x2000007c       0x10 ./Src/Core/BissReader/Breader_Main.o
                0x2000007c                auStrState
 .data.auStrAlarm
                0x2000008c        0x8 ./Src/Core/BissReader/Breader_Main.o
                0x2000008c                auStrAlarm
 .data.auStrProtErr
                0x20000094        0x8 ./Src/Core/BissReader/Breader_Main.o
                0x20000094                auStrProtErr
 .data.SystemCoreClock
                0x2000009c        0x4 ./Src/Core/BissReader/system_stm32g4xx.o
                0x2000009c                SystemCoreClock
 .data.u32TickPrio
                0x200000a0        0x4 ./Src/Drivers/STM32G4xx_HAL_Driver/Src/stm32g4xx_hal.o
                0x200000a0                u32TickPrio
 .data.u32TickFreq
                0x200000a4        0x4 ./Src/Drivers/STM32G4xx_HAL_Driver/Src/stm32g4xx_hal.o
                0x200000a4                u32TickFreq
 .data.__sglue  0x200000a8        0xc C:/ST/STM32CubeIDE_1.19.0/STM32CubeIDE/plugins/com.st.stm32cube.ide.mcu.externaltools.gnu-tools-for-stm32.13.3.rel1.win32_1.0.0.202411081344/tools/bin/../lib/gcc/arm-none-eabi/13.3.1/../../../../arm-none-eabi/lib/thumb/v7e-m+fp/hard\libc_nano.a(libc_a-findfp.o)
                0x200000a8                __sglue
 .data._impure_ptr
                0x200000b4        0x4 C:/ST/STM32CubeIDE_1.19.0/STM32CubeIDE/plugins/com.st.stm32cube.ide.mcu.externaltools.gnu-tools-for-stm32.13.3.rel1.win32_1.0.0.202411081344/tools/bin/../lib/gcc/arm-none-eabi/13.3.1/../../../../arm-none-eabi/lib/thumb/v7e-m+fp/hard\libc_nano.a(libc_a-impure.o)
                0x200000b4                _impure_ptr
 .data._impure_data
                0x200000b8       0x4c C:/ST/STM32CubeIDE_1.19.0/STM32CubeIDE/plugins/com.st.stm32cube.ide.mcu.externaltools.gnu-tools-for-stm32.13.3.rel1.win32_1.0.0.202411081344/tools/bin/../lib/gcc/arm-none-eabi/13.3.1/../../../../arm-none-eabi/lib/thumb/v7e-m+fp/hard\libc_nano.a(libc_a-impure.o)
                0x200000b8                _impure_data
 .data.__global_locale
                0x20000104      0x16c C:/ST/STM32CubeIDE_1.19.0/STM32CubeIDE/plugins/com.st.stm32cube.ide.mcu.externaltools.gnu-tools-for-stm32.13.3.rel1.win32_1.0.0.202411081344/tools/bin/../lib/gcc/arm-none-eabi/13.3.1/../../../../arm-none-eabi/lib/thumb/v7e-m+fp/hard\libc_nano.a(libc_a-locale.o)
                0x20000104                __global_locale
 *(.RamFunc)
 *(.RamFunc*)
                0x20000270                        . = ALIGN (0x4)
                0x20000270                        _edata = .

.igot.plt       0x20000270        0x0 load address 0x0800b95c
 .igot.plt      0x20000270        0x0 C:/ST/STM32CubeIDE_1.19.0/STM32CubeIDE/plugins/com.st.stm32cube.ide.mcu.externaltools.gnu-tools-for-stm32.13.3.rel1.win32_1.0.0.202411081344/tools/bin/../lib/gcc/arm-none-eabi/13.3.1/thumb/v7e-m+fp/hard/crtbegin.o
                0x20000270                        . = ALIGN (0x4)

.bss            0x20000270      0x554 load address 0x0800b95c
                0x20000270                        _sbss = .
                0x20000270                        __bss_start__ = _sbss
 *(.bss)
 .bss           0x20000270       0x1c C:/ST/STM32CubeIDE_1.19.0/STM32CubeIDE/plugins/com.st.stm32cube.ide.mcu.externaltools.gnu-tools-for-stm32.13.3.rel1.win32_1.0.0.202411081344/tools/bin/../lib/gcc/arm-none-eabi/13.3.1/thumb/v7e-m+fp/hard/crtbegin.o
 *(.bss*)
 .bss.u32SetSsiErrorCnt
                0x2000028c        0x4 ./Src/Core/BissReader/Breader_Biss.o
                0x2000028c                u32SetSsiErrorCnt
 .bss.hi2c1     0x20000290       0x54 ./Src/Core/BissReader/Breader_I2c.o
                0x20000290                hi2c1
 .bss.hlcd      0x200002e4        0x8 ./Src/Core/BissReader/Breader_Lcd.o
                0x200002e4                hlcd
 .bss.gstBreaderData
                0x200002ec       0x28 ./Src/Core/BissReader/Breader_Main.o
                0x200002ec                gstBreaderData
 .bss.aubRow1Str
                0x20000314       0x11 ./Src/Core/BissReader/Breader_Main.o
                0x20000314                aubRow1Str
 *fill*         0x20000325        0x3 
 .bss.aubRow2Str
                0x20000328       0x11 ./Src/Core/BissReader/Breader_Main.o
                0x20000328                aubRow2Str
 *fill*         0x20000339        0x3 
 .bss.hspi1     0x2000033c       0x64 ./Src/Core/BissReader/Breader_Spi.o
                0x2000033c                hspi1
 .bss.hdma_spi1_tx
                0x200003a0       0x60 ./Src/Core/BissReader/Breader_Spi.o
                0x200003a0                hdma_spi1_tx
 .bss.hdma_spi1_rx
                0x20000400       0x60 ./Src/Core/BissReader/Breader_Spi.o
                0x20000400                hdma_spi1_rx
 .bss.gstSpiTxRxBuf
                0x20000460        0x8 ./Src/Core/BissReader/Breader_Spi.o
                0x20000460                gstSpiTxRxBuf
 .bss.u32Spi1Cnt
                0x20000468        0x4 ./Src/Core/BissReader/Breader_Spi.o
                0x20000468                u32Spi1Cnt
 .bss.u32Spi2Cnt
                0x2000046c        0x4 ./Src/Core/BissReader/Breader_Spi.o
                0x2000046c                u32Spi2Cnt
 .bss.u32SpiErrCnt
                0x20000470        0x4 ./Src/Core/BissReader/Breader_Spi.o
                0x20000470                u32SpiErrCnt
 .bss.u32SpiTxDmaCnt
                0x20000474        0x4 ./Src/Core/BissReader/Breader_Spi.o
                0x20000474                u32SpiTxDmaCnt
 .bss.u32SpiRxDmaCnt
                0x20000478        0x4 ./Src/Core/BissReader/Breader_Spi.o
                0x20000478                u32SpiRxDmaCnt
 .bss.u32Raw.0  0x2000047c        0x4 ./Src/Core/BissReader/Breader_Spi.o
 .bss.htim1     0x20000480       0x4c ./Src/Core/BissReader/Breader_Timer.o
                0x20000480                htim1
 .bss.u32Timer1Cnt
                0x200004cc        0x4 ./Src/Core/BissReader/Breader_Timer.o
                0x200004cc                u32Timer1Cnt
 .bss.uartDev   0x200004d0       0x94 ./Src/Core/BissReader/Breader_Usart.o
                0x200004d0                uartDev
 .bss.gUartBuffer2
                0x20000564      0x100 ./Src/Core/BissReader/Breader_Usart.o
                0x20000564                gUartBuffer2
 .bss.idxWrToBuf2
                0x20000664        0x4 ./Src/Core/BissReader/Breader_Usart.o
                0x20000664                idxWrToBuf2
 .bss.idxRdFromBuf2
                0x20000668        0x4 ./Src/Core/BissReader/Breader_Usart.o
                0x20000668                idxRdFromBuf2
 .bss.rxByte2   0x2000066c        0x1 ./Src/Core/BissReader/Breader_Usart.o
                0x2000066c                rxByte2
 *fill*         0x2000066d        0x3 
 .bss.__sbrk_heap_end
                0x20000670        0x4 ./Src/Core/BissReader/sysmem.o
 .bss.u32Tick   0x20000674        0x4 ./Src/Drivers/STM32G4xx_HAL_Driver/Src/stm32g4xx_hal.o
                0x20000674                u32Tick
 .bss.__sf      0x20000678      0x138 C:/ST/STM32CubeIDE_1.19.0/STM32CubeIDE/plugins/com.st.stm32cube.ide.mcu.externaltools.gnu-tools-for-stm32.13.3.rel1.win32_1.0.0.202411081344/tools/bin/../lib/gcc/arm-none-eabi/13.3.1/../../../../arm-none-eabi/lib/thumb/v7e-m+fp/hard\libc_nano.a(libc_a-findfp.o)
                0x20000678                __sf
 .bss.__stdio_exit_handler