../Src/Core/BissReader/Breader_Usart.c:26:6:USART2_Init	8	static
../Src/Core/BissReader/Breader_Usart.c:57:6:USART2_IRQHandler	8	static
../Src/Core/BissReader/Breader_Usart.c:62:6:HAL_USART2_RxCpltCallback	16	static
../Src/Core/BissReader/Breader_Usart.c:69:12:GetByteFromHostPc	24	static
../Src/Core/BissReader/Breader_Usart.c:99:6:ParseCmdFromHostPC	24	static
../Src/Core/BissReader/Breader_Usart.c:127:6:UartSendData	16	static
../Src/Core/BissReader/Breader_Usart.c:132:6:HandleCmdFromHostPc	16	static
../Src/Core/BissReader/Breader_Usart.c:145:6:UartPrint	216	static
../Src/Core/BissReader/Breader_Usart.c:165:6:HAL_UART_MspInit	112	static
../Src/Core/BissReader/Breader_Usart.c:195:6:HAL_UART_MspDeInit	16	static
