../Src/Core/BissReader/Breader_Lcd.c:8:6:LCD16x2_Init	8	static
../Src/Core/BissReader/Breader_Lcd.c:18:6:lcd_init	16	static
../Src/Core/BissReader/Breader_Lcd.c:42:6:lcd_send_cmd	32	static
../Src/Core/BissReader/Breader_Lcd.c:65:6:lcd_send_data	32	static
../Src/Core/BissReader/Breader_Lcd.c:87:6:lcd_clear	16	static
../Src/Core/BissReader/Breader_Lcd.c:111:6:lcd_gotoxy	32	static
../Src/Core/BissReader/Breader_Lcd.c:136:6:lcd_puts	16	static
../Src/Core/BissReader/Breader_Lcd.c:147:6:lcd_putchar	16	static
